******************************************************************************
                  TI ARM Linker PC v16.9.6                     
******************************************************************************
>> Linked Mon Oct 27 12:27:23 2025

OUTPUT FILE NAME:   <BUMP_AVOIDANCE.out>
ENTRY POINT SYMBOL: "_c_int00"  address: 000018a9


MEMORY CONFIGURATION

         name            origin    length      used     unused   attr    fill
----------------------  --------  ---------  --------  --------  ----  --------
  MAIN                  00000000   00040000  00001acc  0003e534  R  X
  INFO                  00200000   00004000  00000000  00004000  R  X
  SRAM_CODE             01000000   00010000  0000025b  0000fda5  RW X
  SRAM_DATA             20000000   00010000  0000025b  0000fda5  RW  


SEGMENT ALLOCATION MAP

run origin  load origin   length   init length attrs members
----------  ----------- ---------- ----------- ----- -------
00000000    00000000    00001ad0   00001ad0    r-x
  00000000    00000000    000000e4   000000e4    r-- .intvecs
  000000e4    000000e4    000019a8   000019a8    r-x .text
  00001a90    00001a90    00000040   00000040    r-- .cinit
20000000    20000000    0000005b   00000000    rw-
  20000000    20000000    0000004c   00000000    rw- .data
  2000004c    2000004c    0000000f   00000000    rw- .bss
2000fe00    2000fe00    00000200   00000000    rw-
  2000fe00    2000fe00    00000200   00000000    rw- .stack


SECTION ALLOCATION MAP

 output                                  attributes/
section   page    origin      length       input sections
--------  ----  ----------  ----------   ----------------
.intvecs   0    00000000    000000e4     
                  00000000    000000e4     startup_msp432p401r_ccs.obj (.intvecs:retain)

.binit     0    00000000    00000000     

.text      0    000000e4    000019a8     
                  000000e4    00000630     TExaS.obj (.text)
                  00000714    0000032c     system_msp432p401r.obj (.text)
                  00000a40    000002e4     Motor.obj (.text)
                  00000d24    000001e0     Clock.obj (.text)
                  00000f04    00000194     bumpAvoidMain.obj (.text)
                  00001098    00000164     Bump.obj (.text)
                  000011fc    00000136     rtsv7M4_T_le_v4SPD16_eabi.lib : fd_div_t2.obj (.text)
                  00001332    000000fc                                   : fd_mul_t2.obj (.text)
                  0000142e    00000002                                   : mpu_init.obj (.text)
                  00001430    000000f4     LaunchPad.obj (.text)
                  00001524    000000ec     PWM.obj (.text)
                  00001610    000000a8     TimerA1.obj (.text)
                  000016b8    0000009c     rtsv7M4_T_le_v4SPD16_eabi.lib : memcpy_t2.obj (.text)
                  00001754    0000007a                                   : memset_t2.obj (.text)
                  000017ce    00000002                                   : startup.obj (.text)
                  000017d0    00000070                                   : autoinit.obj (.text)
                  00001840    00000068                                   : copy_decompress_lzss.obj (.text:decompress:lzss)
                  000018a8    00000054                                   : boot.obj (.text)
                  000018fc    00000054                                   : exit.obj (.text)
                  00001950    0000004c                                   : cpy_tbl.obj (.text)
                  0000199c    00000044                                   : fd_tou_t2.obj (.text)
                  000019e0    0000002e                                   : i_tofd_t2.obj (.text)
                  00001a0e    00000024     CortexM.obj (.text)
                  00001a32    00000002     --HOLE-- [fill = 0]
                  00001a34    00000018     rtsv7M4_T_le_v4SPD16_eabi.lib : args_main.obj (.text)
                  00001a4c    00000014                                   : _lock.obj (.text)
                  00001a60    0000000e                                   : copy_decompress_none.obj (.text:decompress:none)
                  00001a6e    0000000e     startup_msp432p401r_ccs.obj (.text)
                  00001a7c    0000000c     rtsv7M4_T_le_v4SPD16_eabi.lib : copy_zero_init.obj (.text:decompress:ZI)
                  00001a88    00000004                                   : pre_init.obj (.text)

.cinit     0    00001a90    00000040     
                  00001a90    0000001a     (.cinit..data.load) [load image, compression = lzss]
                  00001aaa    00000002     --HOLE-- [fill = 0]
                  00001aac    0000000c     (__TI_handler_table)
                  00001ab8    00000008     (.cinit..bss.load) [load image, compression = zero_init]
                  00001ac0    00000010     (__TI_cinit_table)

.init_array 
*          0    00000000    00000000     UNINITIALIZED

.data      0    20000000    0000004c     UNINITIALIZED
                  20000000    00000018     Clock.obj (.data)
                  20000018    0000000c     rtsv7M4_T_le_v4SPD16_eabi.lib : exit.obj (.data:$O1$$)
                  20000024    0000000c     TExaS.obj (.data)
                  20000030    0000000a     Tachometer.obj (.data)
                  2000003a    00000002     bumpAvoidMain.obj (.data)
                  2000003c    00000008     rtsv7M4_T_le_v4SPD16_eabi.lib : _lock.obj (.data:$O1$$)
                  20000044    00000004                                   : stkdepth_vars.obj (.data)
                  20000048    00000004     system_msp432p401r.obj (.data)

.bss       0    2000004c    0000000f     UNINITIALIZED
                  2000004c    00000004     (.common:PeriodicTask2)
                  20000050    00000004     (.common:Port4Task)
                  20000054    00000004     (.common:TimerA1Task)
                  20000058    00000001     (.common:BumpCollision)
                  20000059    00000001     (.common:LogicData)
                  2000005a    00000001     (.common:bump_data)

.stack     0    2000fe00    00000200     UNINITIALIZED
                  2000fe00    00000200     --HOLE--

MODULE SUMMARY

       Module                        code   ro data   rw data
       ------                        ----   -------   -------
    .\
       TExaS.obj                     1584   0         34     
       system_msp432p401r.obj        812    0         8      
       Motor.obj                     740    0         0      
       Clock.obj                     480    0         48     
       bumpAvoidMain.obj             404    0         6      
       Bump.obj                      356    0         10     
       LaunchPad.obj                 244    0         0      
       startup_msp432p401r_ccs.obj   14     228       0      
       PWM.obj                       236    0         0      
       TimerA1.obj                   168    0         8      
       CortexM.obj                   36     0         0      
       Tachometer.obj                0      0         20     
    +--+-----------------------------+------+---------+---------+
       Total:                        5074   228       134    
                                                             
    C:\ti\ccsv7\tools\compiler\ti-cgt-arm_16.9.6.LTS\lib\rtsv7M4_T_le_v4SPD16_eabi.lib
       fd_div_t2.obj                 310    0         0      
       fd_mul_t2.obj                 252    0         0      
       memcpy_t2.obj                 156    0         0      
       memset_t2.obj                 122    0         0      
       autoinit.obj                  112    0         0      
       exit.obj                      84     0         24     
       copy_decompress_lzss.obj      104    0         0      
       boot.obj                      84     0         0      
       cpy_tbl.obj                   76     0         0      
       fd_tou_t2.obj                 68     0         0      
       i_tofd_t2.obj                 46     0         0      
       _lock.obj                     20     0         16     
       args_main.obj                 24     0         0      
       copy_decompress_none.obj      14     0         0      
       copy_zero_init.obj            12     0         0      
       stkdepth_vars.obj             0      0         8      
       pre_init.obj                  4      0         0      
       mpu_init.obj                  2      0         0      
       startup.obj                   2      0         0      
    +--+-----------------------------+------+---------+---------+
       Total:                        1492   0         48     
                                                             
       Stack:                        0      0         1024   
       Linker Generated:             0      62        0      
    +--+-----------------------------+------+---------+---------+
       Grand Total:                  6566   290       1206   


LINKER GENERATED COPY TABLES

__TI_cinit_table @ 00001ac0 records: 2, size/record: 8, table size: 16
	.data: load addr=00001a90, load size=0000001a bytes, run addr=20000000, run size=0000004c bytes, compression=lzss
	.bss: load addr=00001ab8, load size=00000008 bytes, run addr=2000004c, run size=0000000f bytes, compression=zero_init


LINKER GENERATED HANDLER TABLE

__TI_handler_table @ 00001aac records: 3, size/record: 4, table size: 12
	index: 0, handler: __TI_decompress_lzss
	index: 1, handler: __TI_decompress_none
	index: 2, handler: __TI_zero_init


GLOBAL SYMBOLS: SORTED ALPHABETICALLY BY Name 

address   name                           
-------   ----                           
00001a7b  ADC14_IRQHandler               
00000475  ADC_Init                       
00001a7b  AES256_IRQHandler              
20000058  BumpCollision                  
000010af  Bump_Init                      
00001125  Bump_Read                      
00001a7b  BusFault_Handler               
000018fd  C$$EXIT                        
00001a7b  COMP_E0_IRQHandler             
00001a7b  COMP_E1_IRQHandler             
20000008  CPMwait                        
00001a7b  CS_IRQHandler                  
20000000  ClockFrequency                 
00000e79  Clock_Delay1ms                 
00000e4f  Clock_Delay1us                 
00000e3b  Clock_GetFreq                  
00000d25  Clock_Init48MHz                
20000014  Crystalstable                  
00001a7b  DMA_ERR_IRQHandler             
00001a7b  DMA_INT0_IRQHandler            
00001a7b  DMA_INT1_IRQHandler            
00001a7b  DMA_INT2_IRQHandler            
00001a7b  DMA_INT3_IRQHandler            
00001a7b  DebugMon_Handler               
00001a7b  Default_Handler                
00001a0f  DisableInterrupts              
00001a7b  EUSCIA0_IRQHandler             
00001a7b  EUSCIA1_IRQHandler             
00001a7b  EUSCIA2_IRQHandler             
00001a7b  EUSCIA3_IRQHandler             
00001a7b  EUSCIB0_IRQHandler             
00001a7b  EUSCIB1_IRQHandler             
00001a7b  EUSCIB2_IRQHandler             
00001a7b  EUSCIB3_IRQHandler             
00001a15  EnableInterrupts               
00001a25  EndCritical                    
00001a7b  FLCTL_IRQHandler               
00001a7b  FPU_IRQHandler                 
00001a7b  HardFault_Handler              
20000010  IFlags                         
00001431  LaunchPad_Init                 
000014a1  LaunchPad_Input                
000014bb  LaunchPad_LED                  
000014d9  LaunchPad_Output               
000000e5  LogicAnalyzer                  
000000ef  LogicAnalyzer_P1               
000001c5  LogicAnalyzer_P10              
000000fd  LogicAnalyzer_P2               
0000010b  LogicAnalyzer_P2_7654          
0000011b  LogicAnalyzer_P3               
00000129  LogicAnalyzer_P4               
00000147  LogicAnalyzer_P4_765320        
00000137  LogicAnalyzer_P4_765432        
0000017f  LogicAnalyzer_P5               
0000018d  LogicAnalyzer_P6               
0000019b  LogicAnalyzer_P7               
000001a9  LogicAnalyzer_P8               
000001b7  LogicAnalyzer_P9               
20000059  LogicData                      
00001a7b  MemManage_Handler              
00000b91  Motor_Backward                 
00000aed  Motor_Forward                  
00000a41  Motor_Init                     
00000b57  Motor_Left                     
00000c5d  Motor_MoveByXmm                
00000b1d  Motor_Right                    
00000bc1  Motor_RotateAngle              
00000ac9  Motor_Stop                     
00001a7b  NMI_Handler                    
00001a7b  PCM_IRQHandler                 
00001a7b  PORT1_IRQHandler               
00001a7b  PORT2_IRQHandler               
00001a7b  PORT3_IRQHandler               
00001099  PORT4_IRQHandler               
00001099  PORT4_IRQHandler               
00001a7b  PORT5_IRQHandler               
00001a7b  PORT6_IRQHandler               
00001a7b  PSS_IRQHandler                 
000015a9  PWM_Duty3                      
000015c9  PWM_Duty4                      
00001525  PWM_Init34                     
00001a7b  PendSV_Handler                 
2000004c  PeriodicTask2                  
00000257  PeriodicTask2_Init             
000002d1  PeriodicTask2_Stop             
20000050  Port4Task                      
2000000c  Postwait                       
20000004  Prewait                        
00001a7b  RTC_C_IRQHandler               
00001a6f  Reset_Handler                  
UNDEFED   SHT$$INIT_ARRAY$$Base          
UNDEFED   SHT$$INIT_ARRAY$$Limit         
00001a7b  SVC_Handler                    
000001d3  Scope                          
00001a1b  StartCritical                  
00001a7b  SysTick_Handler                
20000048  SystemCoreClock                
00000715  SystemCoreClockUpdate          
00000989  SystemInit                     
000002c1  T32_INT1_IRQHandler            
000002c1  T32_INT1_IRQHandler            
00001a7b  T32_INT2_IRQHandler            
00001a7b  T32_INTC_IRQHandler            
00001a7b  TA0_0_IRQHandler               
00001a7b  TA0_N_IRQHandler               
00001683  TA1_0_IRQHandler               
00001683  TA1_0_IRQHandler               
00001a7b  TA1_N_IRQHandler               
00001a7b  TA2_0_IRQHandler               
00001a7b  TA2_N_IRQHandler               
00001a7b  TA3_0_IRQHandler               
00001a7b  TA3_N_IRQHandler               
00000413  TExaS_Clear0                   
0000041f  TExaS_Clear1                   
0000042b  TExaS_Clear2                   
00000437  TExaS_Clear3                   
00000443  TExaS_Clear4                   
00000445  TExaS_Clear5                   
00000451  TExaS_Clear6                   
00000551  TExaS_Init                     
20000028  TExaS_ScopeErrConflict         
20000024  TExaS_ScopeErrLostData         
2000002c  TExaS_ScopeWrnReconfig         
000003b1  TExaS_Set                      
000003c9  TExaS_Set0                     
000003d5  TExaS_Set1                     
000003e1  TExaS_Set2                     
000003ed  TExaS_Set3                     
000003f9  TExaS_Set4                     
000003fb  TExaS_Set5                     
00000407  TExaS_Set6                     
000006b1  TExaS_Stop                     
00000367  TExaS_Task0                    
00000373  TExaS_Task1                    
0000037f  TExaS_Task2                    
0000038b  TExaS_Task3                    
00000397  TExaS_Task4                    
00000399  TExaS_Task5                    
000003a5  TExaS_Task6                    
20000039  Tachometer_LeftDir             
20000034  Tachometer_LeftSteps           
20000038  Tachometer_RightDir            
20000030  Tachometer_RightSteps          
00000f25  Task                           
00000f05  TimedPause                     
20000054  TimerA1Task                    
00001611  TimerA1_Init                   
0000166f  TimerA1_Stop                   
0000033b  UART_InChar                    
000002e1  UART_Init                      
0000034b  UART_OutChar                   
00001a7b  UsageFault_Handler             
4000480c  WDTCTL_SYM                     
00001a7b  WDT_A_IRQHandler               
00001a2d  WaitForInterrupt               
20010000  __STACK_END                    
00000200  __STACK_SIZE                   
00001ac0  __TI_CINIT_Base                
00001ad0  __TI_CINIT_Limit               
00001aac  __TI_Handler_Table_Base        
00001ab8  __TI_Handler_Table_Limit       
000017d1  __TI_auto_init                 
20000018  __TI_cleanup_ptr               
00001841  __TI_decompress_lzss           
00001a61  __TI_decompress_none           
2000001c  __TI_dtors_ptr                 
20000020  __TI_enable_exit_profile_output
ffffffff  __TI_pprof_out_hndl            
ffffffff  __TI_prof_data_size            
ffffffff  __TI_prof_data_start           
00000000  __TI_static_base__             
00001a7d  __TI_zero_init                 
0000199d  __aeabi_d2uiz                  
000011fd  __aeabi_ddiv                   
00001333  __aeabi_dmul                   
000019e1  __aeabi_i2d                    
00001755  __aeabi_memclr                 
00001755  __aeabi_memclr4                
00001755  __aeabi_memclr8                
000016b9  __aeabi_memcpy                 
000016b9  __aeabi_memcpy4                
000016b9  __aeabi_memcpy8                
00001757  __aeabi_memset                 
00001757  __aeabi_memset4                
00001757  __aeabi_memset8                
ffffffff  __binit__                      
ffffffff  __c_args__                     
0000142f  __mpu_init                     
2000fe00  __stack                        
00001a35  _args_main                     
000018a9  _c_int00                       
2000003c  _lock                          
00001a5b  _nop                           
00001a53  _register_lock                 
00001a4d  _register_unlock               
000017cf  _system_post_cinit             
00001a89  _system_pre_init               
20000040  _unlock                        
00001901  abort                          
ffffffff  binit                          
2000005a  bump_data                      
2000003a  collision_flag                 
00001951  copy_in                        
00000e41  delay                          
00001909  exit                           
00000000  interruptVectors               
00000f6b  main                           
20000044  main_func_sp                   
000016b9  memcpy                         
0000175d  memset                         


GLOBAL SYMBOLS: SORTED BY Symbol Address 

address   name                           
-------   ----                           
00000000  __TI_static_base__             
00000000  interruptVectors               
000000e5  LogicAnalyzer                  
000000ef  LogicAnalyzer_P1               
000000fd  LogicAnalyzer_P2               
0000010b  LogicAnalyzer_P2_7654          
0000011b  LogicAnalyzer_P3               
00000129  LogicAnalyzer_P4               
00000137  LogicAnalyzer_P4_765432        
00000147  LogicAnalyzer_P4_765320        
0000017f  LogicAnalyzer_P5               
0000018d  LogicAnalyzer_P6               
0000019b  LogicAnalyzer_P7               
000001a9  LogicAnalyzer_P8               
000001b7  LogicAnalyzer_P9               
000001c5  LogicAnalyzer_P10              
000001d3  Scope                          
00000200  __STACK_SIZE                   
00000257  PeriodicTask2_Init             
000002c1  T32_INT1_IRQHandler            
000002c1  T32_INT1_IRQHandler            
000002d1  PeriodicTask2_Stop             
000002e1  UART_Init                      
0000033b  UART_InChar                    
0000034b  UART_OutChar                   
00000367  TExaS_Task0                    
00000373  TExaS_Task1                    
0000037f  TExaS_Task2                    
0000038b  TExaS_Task3                    
00000397  TExaS_Task4                    
00000399  TExaS_Task5                    
000003a5  TExaS_Task6                    
000003b1  TExaS_Set                      
000003c9  TExaS_Set0                     
000003d5  TExaS_Set1                     
000003e1  TExaS_Set2                     
000003ed  TExaS_Set3                     
000003f9  TExaS_Set4                     
000003fb  TExaS_Set5                     
00000407  TExaS_Set6                     
00000413  TExaS_Clear0                   
0000041f  TExaS_Clear1                   
0000042b  TExaS_Clear2                   
00000437  TExaS_Clear3                   
00000443  TExaS_Clear4                   
00000445  TExaS_Clear5                   
00000451  TExaS_Clear6                   
00000475  ADC_Init                       
00000551  TExaS_Init                     
000006b1  TExaS_Stop                     
00000715  SystemCoreClockUpdate          
00000989  SystemInit                     
00000a41  Motor_Init                     
00000ac9  Motor_Stop                     
00000aed  Motor_Forward                  
00000b1d  Motor_Right                    
00000b57  Motor_Left                     
00000b91  Motor_Backward                 
00000bc1  Motor_RotateAngle              
00000c5d  Motor_MoveByXmm                
00000d25  Clock_Init48MHz                
00000e3b  Clock_GetFreq                  
00000e41  delay                          
00000e4f  Clock_Delay1us                 
00000e79  Clock_Delay1ms                 
00000f05  TimedPause                     
00000f25  Task                           
00000f6b  main                           
00001099  PORT4_IRQHandler               
00001099  PORT4_IRQHandler               
000010af  Bump_Init                      
00001125  Bump_Read                      
000011fd  __aeabi_ddiv                   
00001333  __aeabi_dmul                   
0000142f  __mpu_init                     
00001431  LaunchPad_Init                 
000014a1  LaunchPad_Input                
000014bb  LaunchPad_LED                  
000014d9  LaunchPad_Output               
00001525  PWM_Init34                     
000015a9  PWM_Duty3                      
000015c9  PWM_Duty4                      
00001611  TimerA1_Init                   
0000166f  TimerA1_Stop                   
00001683  TA1_0_IRQHandler               
00001683  TA1_0_IRQHandler               
000016b9  __aeabi_memcpy                 
000016b9  __aeabi_memcpy4                
000016b9  __aeabi_memcpy8                
000016b9  memcpy                         
00001755  __aeabi_memclr                 
00001755  __aeabi_memclr4                
00001755  __aeabi_memclr8                
00001757  __aeabi_memset                 
00001757  __aeabi_memset4                
00001757  __aeabi_memset8                
0000175d  memset                         
000017cf  _system_post_cinit             
000017d1  __TI_auto_init                 
00001841  __TI_decompress_lzss           
000018a9  _c_int00                       
000018fd  C$$EXIT                        
00001901  abort                          
00001909  exit                           
00001951  copy_in                        
0000199d  __aeabi_d2uiz                  
000019e1  __aeabi_i2d                    
00001a0f  DisableInterrupts              
00001a15  EnableInterrupts               
00001a1b  StartCritical                  
00001a25  EndCritical                    
00001a2d  WaitForInterrupt               
00001a35  _args_main                     
00001a4d  _register_unlock               
00001a53  _register_lock                 
00001a5b  _nop                           
00001a61  __TI_decompress_none           
00001a6f  Reset_Handler                  
00001a7b  ADC14_IRQHandler               
00001a7b  AES256_IRQHandler              
00001a7b  BusFault_Handler               
00001a7b  COMP_E0_IRQHandler             
00001a7b  COMP_E1_IRQHandler             
00001a7b  CS_IRQHandler                  
00001a7b  DMA_ERR_IRQHandler             
00001a7b  DMA_INT0_IRQHandler            
00001a7b  DMA_INT1_IRQHandler            
00001a7b  DMA_INT2_IRQHandler            
00001a7b  DMA_INT3_IRQHandler            
00001a7b  DebugMon_Handler               
00001a7b  Default_Handler                
00001a7b  EUSCIA0_IRQHandler             
00001a7b  EUSCIA1_IRQHandler             
00001a7b  EUSCIA2_IRQHandler             
00001a7b  EUSCIA3_IRQHandler             
00001a7b  EUSCIB0_IRQHandler             
00001a7b  EUSCIB1_IRQHandler             
00001a7b  EUSCIB2_IRQHandler             
00001a7b  EUSCIB3_IRQHandler             
00001a7b  FLCTL_IRQHandler               
00001a7b  FPU_IRQHandler                 
00001a7b  HardFault_Handler              
00001a7b  MemManage_Handler              
00001a7b  NMI_Handler                    
00001a7b  PCM_IRQHandler                 
00001a7b  PORT1_IRQHandler               
00001a7b  PORT2_IRQHandler               
00001a7b  PORT3_IRQHandler               
00001a7b  PORT5_IRQHandler               
00001a7b  PORT6_IRQHandler               
00001a7b  PSS_IRQHandler                 
00001a7b  PendSV_Handler                 
00001a7b  RTC_C_IRQHandler               
00001a7b  SVC_Handler                    
00001a7b  SysTick_Handler                
00001a7b  T32_INT2_IRQHandler            
00001a7b  T32_INTC_IRQHandler            
00001a7b  TA0_0_IRQHandler               
00001a7b  TA0_N_IRQHandler               
00001a7b  TA1_N_IRQHandler               
00001a7b  TA2_0_IRQHandler               
00001a7b  TA2_N_IRQHandler               
00001a7b  TA3_0_IRQHandler               
00001a7b  TA3_N_IRQHandler               
00001a7b  UsageFault_Handler             
00001a7b  WDT_A_IRQHandler               
00001a7d  __TI_zero_init                 
00001a89  _system_pre_init               
00001aac  __TI_Handler_Table_Base        
00001ab8  __TI_Handler_Table_Limit       
00001ac0  __TI_CINIT_Base                
00001ad0  __TI_CINIT_Limit               
20000000  ClockFrequency                 
20000004  Prewait                        
20000008  CPMwait                        
2000000c  Postwait                       
20000010  IFlags                         
20000014  Crystalstable                  
20000018  __TI_cleanup_ptr               
2000001c  __TI_dtors_ptr                 
20000020  __TI_enable_exit_profile_output
20000024  TExaS_ScopeErrLostData         
20000028  TExaS_ScopeErrConflict         
2000002c  TExaS_ScopeWrnReconfig         
20000030  Tachometer_RightSteps          
20000034  Tachometer_LeftSteps           
20000038  Tachometer_RightDir            
20000039  Tachometer_LeftDir             
2000003a  collision_flag                 
2000003c  _lock                          
20000040  _unlock                        
20000044  main_func_sp                   
20000048  SystemCoreClock                
2000004c  PeriodicTask2                  
20000050  Port4Task                      
20000054  TimerA1Task                    
20000058  BumpCollision                  
20000059  LogicData                      
2000005a  bump_data                      
2000fe00  __stack                        
20010000  __STACK_END                    
4000480c  WDTCTL_SYM                     
ffffffff  __TI_pprof_out_hndl            
ffffffff  __TI_prof_data_size            
ffffffff  __TI_prof_data_start           
ffffffff  __binit__                      
ffffffff  __c_args__                     
ffffffff  binit                          
UNDEFED   SHT$$INIT_ARRAY$$Base          
UNDEFED   SHT$$INIT_ARRAY$$Limit         

[210 symbols]
