******************************************************************************
                  TI ARM Linker PC v16.9.6                     
******************************************************************************
>> Linked Mon Oct 27 15:37:07 2025

OUTPUT FILE NAME:   <Lab5_UARTComms.out>
ENTRY POINT SYMBOL: "_c_int00"  address: 000020ad


MEMORY CONFIGURATION

         name            origin    length      used     unused   attr    fill
----------------------  --------  ---------  --------  --------  ----  --------
  MAIN                  00000000   00040000  0000234e  0003dcb2  R  X
  INFO                  00200000   00004000  00000000  00004000  R  X
  SRAM_CODE             01000000   00010000  00000969  0000f697  RW X
  SRAM_DATA             20000000   00010000  00000969  0000f697  RW  


SEGMENT ALLOCATION MAP

run origin  load origin   length   init length attrs members
----------  ----------- ---------- ----------- ----- -------
00000000    00000000    00002350   00002350    r-x
  00000000    00000000    000000e4   000000e4    r-- .intvecs
  000000e4    000000e4    000021ec   000021ec    r-x .text
  000022d0    000022d0    00000036   00000036    r-- .const
  00002308    00002308    00000048   00000048    r-- .cinit
20000000    20000000    0000076c   00000000    rw-
  20000000    20000000    00000400   00000000    rw- .sysmem
  20000400    20000400    00000321   00000000    rw- .bss
  20000724    20000724    00000048   00000000    rw- .data
2000fe00    2000fe00    00000200   00000000    rw-
  2000fe00    2000fe00    00000200   00000000    rw- .stack


SECTION ALLOCATION MAP

 output                                  attributes/
section   page    origin      length       input sections
--------  ----  ----------  ----------   ----------------
.intvecs   0    00000000    000000e4     
                  00000000    000000e4     startup_msp432p401r_ccs.obj (.intvecs:retain)

.binit     0    00000000    00000000     

.text      0    000000e4    000021ec     
                  000000e4    000005ba     EUSCIA0.obj (.text)
                  0000069e    00000002     rtsv7M4_T_le_v4SPD16_eabi.lib : mpu_init.obj (.text)
                  000006a0    0000038c     Lab5_UARTmain.obj (.text)
                  00000a2c    0000032c     system_msp432p401r.obj (.text)
                  00000d58    000002e4     Motor.obj (.text)
                  0000103c    00000210     FIFO0.obj (.text)
                  0000124c    00000204     Reflectance.obj (.text)
                  00001450    000001e0     Clock.obj (.text)
                  00001630    00000168     Tachometer.obj (.text)
                  00001798    00000164     Bump.obj (.text)
                  000018fc    00000136     rtsv7M4_T_le_v4SPD16_eabi.lib : fd_div_t2.obj (.text)
                  00001a32    00000002                                   : startup.obj (.text)
                  00001a34    00000104     TA3InputCapture.obj (.text)
                  00001b38    000000fc     rtsv7M4_T_le_v4SPD16_eabi.lib : fd_mul_t2.obj (.text)
                  00001c34    000000f4     LaunchPad.obj (.text)
                  00001d28    000000ec     PWM.obj (.text)
                  00001e14    000000a8     TimerA1.obj (.text)
                  00001ebc    0000009c     rtsv7M4_T_le_v4SPD16_eabi.lib : memcpy_t2.obj (.text)
                  00001f58    0000007a                                   : memset_t2.obj (.text)
                  00001fd2    00000002     --HOLE-- [fill = 0]
                  00001fd4    00000070                                   : autoinit.obj (.text)
                  00002044    00000068                                   : copy_decompress_lzss.obj (.text:decompress:lzss)
                  000020ac    00000054                                   : boot.obj (.text)
                  00002100    00000054                                   : exit.obj (.text)
                  00002154    0000004c                                   : cpy_tbl.obj (.text)
                  000021a0    00000044                                   : fd_tou_t2.obj (.text)
                  000021e4    00000040     SysTickInts.obj (.text)
                  00002224    0000002e     rtsv7M4_T_le_v4SPD16_eabi.lib : i_tofd_t2.obj (.text)
                  00002252    00000024     CortexM.obj (.text)
                  00002276    00000002     --HOLE-- [fill = 0]
                  00002278    00000018     rtsv7M4_T_le_v4SPD16_eabi.lib : args_main.obj (.text)
                  00002290    00000014                                   : _lock.obj (.text)
                  000022a4    0000000e                                   : copy_decompress_none.obj (.text:decompress:none)
                  000022b2    0000000e     startup_msp432p401r_ccs.obj (.text)
                  000022c0    0000000c     rtsv7M4_T_le_v4SPD16_eabi.lib : copy_zero_init.obj (.text:decompress:ZI)
                  000022cc    00000004                                   : pre_init.obj (.text)

.const     0    000022d0    00000036     
                  000022d0    00000020     Reflectance.obj (.const:$P$T0$1)
                  000022f0    00000011     Lab5_UARTmain.obj (.const:.string:$P$T0$1)
                  00002301    00000005     Lab5_UARTmain.obj (.const:.string:$P$T1$2)

.cinit     0    00002308    00000048     
                  00002308    0000001e     (.cinit..data.load) [load image, compression = lzss]
                  00002326    00000002     --HOLE-- [fill = 0]
                  00002328    0000000c     (__TI_handler_table)
                  00002334    00000004     --HOLE-- [fill = 0]
                  00002338    00000008     (.cinit..bss.load) [load image, compression = zero_init]
                  00002340    00000010     (__TI_cinit_table)

.init_array 
*          0    00000000    00000000     UNINITIALIZED

.sysmem    0    20000000    00000400     UNINITIALIZED
                  20000000    00000008     rtsv7M4_T_le_v4SPD16_eabi.lib : memory.obj (.sysmem)
                  20000008    000003f8     --HOLE--

.bss       0    20000400    00000321     UNINITIALIZED
                  20000400    00000200     (.common:TxHistogram)
                  20000600    00000082     (.common:RxFifo0)
                  20000682    00000082     (.common:TxFifo0)
                  20000704    00000008     (.common:Messagec)
                  2000070c    00000004     (.common:Messageindexc)
                  20000710    00000004     (.common:Port4Task)
                  20000714    00000004     (.common:TimerA1Task)
                  20000718    00000002     (.common:Tachometer_FirstLeftTime)
                  2000071a    00000002     (.common:Tachometer_FirstRightTime)
                  2000071c    00000002     (.common:Tachometer_SecondLeftTime)
                  2000071e    00000002     (.common:Tachometer_SecondRightTime)
                  20000720    00000001     (.common:BumpCollision)

.data      0    20000724    00000048     UNINITIALIZED
                  20000724    00000018     Clock.obj (.data)
                  2000073c    0000000c     rtsv7M4_T_le_v4SPD16_eabi.lib : exit.obj (.data:$O1$$)
                  20000748    0000000a     Tachometer.obj (.data)
                  20000752    00000002     --HOLE--
                  20000754    00000008     rtsv7M4_T_le_v4SPD16_eabi.lib : _lock.obj (.data:$O1$$)
                  2000075c    00000008     TA3InputCapture.obj (.data)
                  20000764    00000004     rtsv7M4_T_le_v4SPD16_eabi.lib : stkdepth_vars.obj (.data)
                  20000768    00000004     system_msp432p401r.obj (.data)

.stack     0    2000fe00    00000200     UNINITIALIZED
                  2000fe00    00000200     --HOLE--

MODULE SUMMARY

       Module                        code   ro data   rw data
       ------                        ----   -------   -------
    .\
       FIFO0.obj                     528    0         1544   
       EUSCIA0.obj                   1466   0         24     
       Lab5_UARTmain.obj             908    22        0      
       system_msp432p401r.obj        812    0         8      
       Motor.obj                     740    0         0      
       Reflectance.obj               516    32        0      
       Clock.obj                     480    0         48     
       Tachometer.obj                360    0         36     
       Bump.obj                      356    0         10     
       TA3InputCapture.obj           260    0         16     
       LaunchPad.obj                 244    0         0      
       startup_msp432p401r_ccs.obj   14     228       0      
       PWM.obj                       236    0         0      
       TimerA1.obj                   168    0         8      
       SysTickInts.obj               64     0         0      
       CortexM.obj                   36     0         0      
    +--+-----------------------------+------+---------+---------+
       Total:                        7188   282       1694   
                                                             
    C:\ti\ccsv7\tools\compiler\ti-cgt-arm_16.9.6.LTS\lib\rtsv7M4_T_le_v4SPD16_eabi.lib
       fd_div_t2.obj                 310    0         0      
       fd_mul_t2.obj                 252    0         0      
       memcpy_t2.obj                 156    0         0      
       memset_t2.obj                 122    0         0      
       autoinit.obj                  112    0         0      
       exit.obj                      84     0         24     
       copy_decompress_lzss.obj      104    0         0      
       boot.obj                      84     0         0      
       cpy_tbl.obj                   76     0         0      
       fd_tou_t2.obj                 68     0         0      
       i_tofd_t2.obj                 46     0         0      
       _lock.obj                     20     0         16     
       args_main.obj                 24     0         0      
       copy_decompress_none.obj      14     0         0      
       copy_zero_init.obj            12     0         0      
       stkdepth_vars.obj             0      0         8      
       pre_init.obj                  4      0         0      
       mpu_init.obj                  2      0         0      
       startup.obj                   2      0         0      
    +--+-----------------------------+------+---------+---------+
       Total:                        1492   0         48     
                                                             
       Heap:                         0      0         2048   
       Stack:                        0      0         1024   
       Linker Generated:             0      66        0      
    +--+-----------------------------+------+---------+---------+
       Grand Total:                  8680   348       4814   


LINKER GENERATED COPY TABLES

__TI_cinit_table @ 00002340 records: 2, size/record: 8, table size: 16
	.data: load addr=00002308, load size=0000001e bytes, run addr=20000724, run size=00000048 bytes, compression=lzss
	.bss: load addr=00002338, load size=00000008 bytes, run addr=20000400, run size=00000321 bytes, compression=zero_init


LINKER GENERATED HANDLER TABLE

__TI_handler_table @ 00002328 records: 3, size/record: 4, table size: 12
	index: 0, handler: __TI_decompress_lzss
	index: 1, handler: __TI_decompress_none
	index: 2, handler: __TI_zero_init


GLOBAL SYMBOLS: SORTED ALPHABETICALLY BY Name 

address   name                           
-------   ----                           
000022bf  ADC14_IRQHandler               
000022bf  AES256_IRQHandler              
20000720  BumpCollision                  
000017af  Bump_Init                      
00001825  Bump_Read                      
000022bf  BusFault_Handler               
00002101  C$$EXIT                        
000022bf  COMP_E0_IRQHandler             
000022bf  COMP_E1_IRQHandler             
2000072c  CPMwait                        
000022bf  CS_IRQHandler                  
2000075c  CaptureTask0                   
20000760  CaptureTask2                   
20000724  ClockFrequency                 
000015a5  Clock_Delay1ms                 
0000157b  Clock_Delay1us                 
00001567  Clock_GetFreq                  
00001451  Clock_Init48MHz                
20000738  Crystalstable                  
000022bf  DMA_ERR_IRQHandler             
000022bf  DMA_INT0_IRQHandler            
000022bf  DMA_INT1_IRQHandler            
000022bf  DMA_INT2_IRQHandler            
000022bf  DMA_INT3_IRQHandler            
000022bf  DebugMon_Handler               
000022bf  Default_Handler                
00002253  DisableInterrupts              
00000177  EUSCIA0_IRQHandler             
00000177  EUSCIA0_IRQHandler             
0000014b  EUSCIA0_InChar                 
00000615  EUSCIA0_InString               
000001cb  EUSCIA0_InUDec                 
000004c9  EUSCIA0_InUHex                 
000000e5  EUSCIA0_Init                   
0000015d  EUSCIA0_OutChar                
000001ad  EUSCIA0_OutString              
0000024f  EUSCIA0_OutUDec                
000003e1  EUSCIA0_OutUDec4               
00000419  EUSCIA0_OutUDec5               
00000455  EUSCIA0_OutUFix1               
0000047d  EUSCIA0_OutUFix2               
00000591  EUSCIA0_OutUHex                
000005f7  EUSCIA0_OutUHex2               
000005d5  EUSCIA0outnibble               
000022bf  EUSCIA1_IRQHandler             
000022bf  EUSCIA2_IRQHandler             
000022bf  EUSCIA3_IRQHandler             
000022bf  EUSCIB0_IRQHandler             
000022bf  EUSCIB1_IRQHandler             
000022bf  EUSCIB2_IRQHandler             
000022bf  EUSCIB3_IRQHandler             
00002259  EnableInterrupts               
00002269  EndCritical                    
000022bf  FLCTL_IRQHandler               
000022bf  FPU_IRQHandler                 
000022bf  HardFault_Handler              
20000734  IFlags                         
00001c35  LaunchPad_Init                 
00001ca5  LaunchPad_Input                
00001cbf  LaunchPad_LED                  
00001cdd  LaunchPad_Output               
000022bf  MemManage_Handler              
20000704  Messagec                       
2000070c  Messageindexc                  
00000ea9  Motor_Backward                 
00000e05  Motor_Forward                  
00000d59  Motor_Init                     
00000e6f  Motor_Left                     
00000f75  Motor_MoveByXmm                
00000e35  Motor_Right                    
00000ed9  Motor_RotateAngle              
00000de1  Motor_Stop                     
000022bf  NMI_Handler                    
000022bf  PCM_IRQHandler                 
000022bf  PORT1_IRQHandler               
000022bf  PORT2_IRQHandler               
000022bf  PORT3_IRQHandler               
00001799  PORT4_IRQHandler               
00001799  PORT4_IRQHandler               
000022bf  PORT5_IRQHandler               
000022bf  PORT6_IRQHandler               
000022bf  PSS_IRQHandler                 
00001dad  PWM_Duty3                      
00001dcd  PWM_Duty4                      
00001d29  PWM_Init34                     
000022bf  PendSV_Handler                 
20000710  Port4Task                      
0000125d  Port5_Init                     
000012b1  Port7_Init                     
000012d3  Port7_InitToInput              
000012c5  Port7_Output_ChargeCap         
00001287  Port9_Init                     
20000730  Postwait                       
20000728  Prewait                        
000006a1  RSLK_Reset                     
000022bf  RTC_C_IRQHandler               
00001329  Reflectance_Center             
000013ef  Reflectance_End                
0000124d  Reflectance_Init               
00001353  Reflectance_Position           
000012db  Reflectance_Read               
000013c9  Reflectance_Start              
000022b3  Reset_Handler                  
20000600  RxFifo0                        
000011b7  RxFifo0_Get                    
0000115d  RxFifo0_Init                   
00001169  RxFifo0_Put                    
000011f5  RxFifo0_Size                   
UNDEFED   SHT$$INIT_ARRAY$$Base          
UNDEFED   SHT$$INIT_ARRAY$$Limit         
000022bf  SVC_Handler                    
0000225f  StartCritical                  
000022bf  SysTick_Handler                
000021e5  SysTick_Init                   
20000768  SystemCoreClock                
00000a2d  SystemCoreClockUpdate          
00000ca1  SystemInit                     
000022bf  T32_INT1_IRQHandler            
000022bf  T32_INT2_IRQHandler            
000022bf  T32_INTC_IRQHandler            
000022bf  TA0_0_IRQHandler               
000022bf  TA0_N_IRQHandler               
00001e87  TA1_0_IRQHandler               
00001e87  TA1_0_IRQHandler               
000022bf  TA1_N_IRQHandler               
000022bf  TA2_0_IRQHandler               
000022bf  TA2_N_IRQHandler               
00001ac7  TA3_0_IRQHandler               
00001ac7  TA3_0_IRQHandler               
00001ae1  TA3_N_IRQHandler               
00001ae1  TA3_N_IRQHandler               
20000718  Tachometer_FirstLeftTime       
2000071a  Tachometer_FirstRightTime      
00001705  Tachometer_Get                 
000016bd  Tachometer_Init                
20000751  Tachometer_LeftDir             
2000074c  Tachometer_LeftSteps           
20000750  Tachometer_RightDir            
20000748  Tachometer_RightSteps          
2000071c  Tachometer_SecondLeftTime      
2000071e  Tachometer_SecondRightTime     
20000714  TimerA1Task                    
00001e15  TimerA1_Init                   
00001e73  TimerA1_Stop                   
00001a41  TimerA3Capture_Init            
20000682  TxFifo0                        
000010c9  TxFifo0_Get                    
0000103d  TxFifo0_Init                   
0000106f  TxFifo0_Put                    
00001107  TxFifo0_Size                   
20000400  TxHistogram                    
000022bf  UsageFault_Handler             
4000480c  WDTCTL_SYM                     
000022bf  WDT_A_IRQHandler               
00002271  WaitForInterrupt               
20010000  __STACK_END                    
00000200  __STACK_SIZE                   
00000400  __SYSMEM_SIZE                  
00002340  __TI_CINIT_Base                
00002350  __TI_CINIT_Limit               
00002328  __TI_Handler_Table_Base        
00002334  __TI_Handler_Table_Limit       
00001fd5  __TI_auto_init                 
2000073c  __TI_cleanup_ptr               
00002045  __TI_decompress_lzss           
000022a5  __TI_decompress_none           
20000740  __TI_dtors_ptr                 
20000744  __TI_enable_exit_profile_output
ffffffff  __TI_pprof_out_hndl            
ffffffff  __TI_prof_data_size            
ffffffff  __TI_prof_data_start           
00000000  __TI_static_base__             
000022c1  __TI_zero_init                 
000021a1  __aeabi_d2uiz                  
000018fd  __aeabi_ddiv                   
00001b39  __aeabi_dmul                   
00002225  __aeabi_i2d                    
00001f59  __aeabi_memclr                 
00001f59  __aeabi_memclr4                
00001f59  __aeabi_memclr8                
00001ebd  __aeabi_memcpy                 
00001ebd  __aeabi_memcpy4                
00001ebd  __aeabi_memcpy8                
00001f5b  __aeabi_memset                 
00001f5b  __aeabi_memset4                
00001f5b  __aeabi_memset8                
ffffffff  __binit__                      
ffffffff  __c_args__                     
0000069f  __mpu_init                     
2000fe00  __stack                        
00002279  _args_main                     
000020ad  _c_int00                       
20000754  _lock                          
0000229f  _nop                           
00002297  _register_lock                 
00002291  _register_unlock               
20000000  _sys_memory                    
00001a33  _system_post_cinit             
000022cd  _system_pre_init               
20000758  _unlock                        
00002105  abort                          
ffffffff  binit                          
00002155  copy_in                        
0000156d  delay                          
0000210d  exit                           
00000000  interruptVectors               
000006d3  main                           
20000764  main_func_sp                   
00001ebd  memcpy                         
00001f61  memset                         
00001a35  ta3dummy                       
00001677  tachometerLeftInt              
00001631  tachometerRightInt             


GLOBAL SYMBOLS: SORTED BY Symbol Address 

address   name                           
-------   ----                           
00000000  __TI_static_base__             
00000000  interruptVectors               
000000e5  EUSCIA0_Init                   
0000014b  EUSCIA0_InChar                 
0000015d  EUSCIA0_OutChar                
00000177  EUSCIA0_IRQHandler             
00000177  EUSCIA0_IRQHandler             
000001ad  EUSCIA0_OutString              
000001cb  EUSCIA0_InUDec                 
00000200  __STACK_SIZE                   
0000024f  EUSCIA0_OutUDec                
000003e1  EUSCIA0_OutUDec4               
00000400  __SYSMEM_SIZE                  
00000419  EUSCIA0_OutUDec5               
00000455  EUSCIA0_OutUFix1               
0000047d  EUSCIA0_OutUFix2               
000004c9  EUSCIA0_InUHex                 
00000591  EUSCIA0_OutUHex                
000005d5  EUSCIA0outnibble               
000005f7  EUSCIA0_OutUHex2               
00000615  EUSCIA0_InString               
0000069f  __mpu_init                     
000006a1  RSLK_Reset                     
000006d3  main                           
00000a2d  SystemCoreClockUpdate          
00000ca1  SystemInit                     
00000d59  Motor_Init                     
00000de1  Motor_Stop                     
00000e05  Motor_Forward                  
00000e35  Motor_Right                    
00000e6f  Motor_Left                     
00000ea9  Motor_Backward                 
00000ed9  Motor_RotateAngle              
00000f75  Motor_MoveByXmm                
0000103d  TxFifo0_Init                   
0000106f  TxFifo0_Put                    
000010c9  TxFifo0_Get                    
00001107  TxFifo0_Size                   
0000115d  RxFifo0_Init                   
00001169  RxFifo0_Put                    
000011b7  RxFifo0_Get                    
000011f5  RxFifo0_Size                   
0000124d  Reflectance_Init               
0000125d  Port5_Init                     
00001287  Port9_Init                     
000012b1  Port7_Init                     
000012c5  Port7_Output_ChargeCap         
000012d3  Port7_InitToInput              
000012db  Reflectance_Read               
00001329  Reflectance_Center             
00001353  Reflectance_Position           
000013c9  Reflectance_Start              
000013ef  Reflectance_End                
00001451  Clock_Init48MHz                
00001567  Clock_GetFreq                  
0000156d  delay                          
0000157b  Clock_Delay1us                 
000015a5  Clock_Delay1ms                 
00001631  tachometerRightInt             
00001677  tachometerLeftInt              
000016bd  Tachometer_Init                
00001705  Tachometer_Get                 
00001799  PORT4_IRQHandler               
00001799  PORT4_IRQHandler               
000017af  Bump_Init                      
00001825  Bump_Read                      
000018fd  __aeabi_ddiv                   
00001a33  _system_post_cinit             
00001a35  ta3dummy                       
00001a41  TimerA3Capture_Init            
00001ac7  TA3_0_IRQHandler               
00001ac7  TA3_0_IRQHandler               
00001ae1  TA3_N_IRQHandler               
00001ae1  TA3_N_IRQHandler               
00001b39  __aeabi_dmul                   
00001c35  LaunchPad_Init                 
00001ca5  LaunchPad_Input                
00001cbf  LaunchPad_LED                  
00001cdd  LaunchPad_Output               
00001d29  PWM_Init34                     
00001dad  PWM_Duty3                      
00001dcd  PWM_Duty4                      
00001e15  TimerA1_Init                   
00001e73  TimerA1_Stop                   
00001e87  TA1_0_IRQHandler               
00001e87  TA1_0_IRQHandler               
00001ebd  __aeabi_memcpy                 
00001ebd  __aeabi_memcpy4                
00001ebd  __aeabi_memcpy8                
00001ebd  memcpy                         
00001f59  __aeabi_memclr                 
00001f59  __aeabi_memclr4                
00001f59  __aeabi_memclr8                
00001f5b  __aeabi_memset                 
00001f5b  __aeabi_memset4                
00001f5b  __aeabi_memset8                
00001f61  memset                         
00001fd5  __TI_auto_init                 
00002045  __TI_decompress_lzss           
000020ad  _c_int00                       
00002101  C$$EXIT                        
00002105  abort                          
0000210d  exit                           
00002155  copy_in                        
000021a1  __aeabi_d2uiz                  
000021e5  SysTick_Init                   
00002225  __aeabi_i2d                    
00002253  DisableInterrupts              
00002259  EnableInterrupts               
0000225f  StartCritical                  
00002269  EndCritical                    
00002271  WaitForInterrupt               
00002279  _args_main                     
00002291  _register_unlock               
00002297  _register_lock                 
0000229f  _nop                           
000022a5  __TI_decompress_none           
000022b3  Reset_Handler                  
000022bf  ADC14_IRQHandler               
000022bf  AES256_IRQHandler              
000022bf  BusFault_Handler               
000022bf  COMP_E0_IRQHandler             
000022bf  COMP_E1_IRQHandler             
000022bf  CS_IRQHandler                  
000022bf  DMA_ERR_IRQHandler             
000022bf  DMA_INT0_IRQHandler            
000022bf  DMA_INT1_IRQHandler            
000022bf  DMA_INT2_IRQHandler            
000022bf  DMA_INT3_IRQHandler            
000022bf  DebugMon_Handler               
000022bf  Default_Handler                
000022bf  EUSCIA1_IRQHandler             
000022bf  EUSCIA2_IRQHandler             
000022bf  EUSCIA3_IRQHandler             
000022bf  EUSCIB0_IRQHandler             
000022bf  EUSCIB1_IRQHandler             
000022bf  EUSCIB2_IRQHandler             
000022bf  EUSCIB3_IRQHandler             
000022bf  FLCTL_IRQHandler               
000022bf  FPU_IRQHandler                 
000022bf  HardFault_Handler              
000022bf  MemManage_Handler              
000022bf  NMI_Handler                    
000022bf  PCM_IRQHandler                 
000022bf  PORT1_IRQHandler               
000022bf  PORT2_IRQHandler               
000022bf  PORT3_IRQHandler               
000022bf  PORT5_IRQHandler               
000022bf  PORT6_IRQHandler               
000022bf  PSS_IRQHandler                 
000022bf  PendSV_Handler                 
000022bf  RTC_C_IRQHandler               
000022bf  SVC_Handler                    
000022bf  SysTick_Handler                
000022bf  T32_INT1_IRQHandler            
000022bf  T32_INT2_IRQHandler            
000022bf  T32_INTC_IRQHandler            
000022bf  TA0_0_IRQHandler               
000022bf  TA0_N_IRQHandler               
000022bf  TA1_N_IRQHandler               
000022bf  TA2_0_IRQHandler               
000022bf  TA2_N_IRQHandler               
000022bf  UsageFault_Handler             
000022bf  WDT_A_IRQHandler               
000022c1  __TI_zero_init                 
000022cd  _system_pre_init               
00002328  __TI_Handler_Table_Base        
00002334  __TI_Handler_Table_Limit       
00002340  __TI_CINIT_Base                
00002350  __TI_CINIT_Limit               
20000000  _sys_memory                    
20000400  TxHistogram                    
20000600  RxFifo0                        
20000682  TxFifo0                        
20000704  Messagec                       
2000070c  Messageindexc                  
20000710  Port4Task                      
20000714  TimerA1Task                    
20000718  Tachometer_FirstLeftTime       
2000071a  Tachometer_FirstRightTime      
2000071c  Tachometer_SecondLeftTime      
2000071e  Tachometer_SecondRightTime     
20000720  BumpCollision                  
20000724  ClockFrequency                 
20000728  Prewait                        
2000072c  CPMwait                        
20000730  Postwait                       
20000734  IFlags                         
20000738  Crystalstable                  
2000073c  __TI_cleanup_ptr               
20000740  __TI_dtors_ptr                 
20000744  __TI_enable_exit_profile_output
20000748  Tachometer_RightSteps          
2000074c  Tachometer_LeftSteps           
20000750  Tachometer_RightDir            
20000751  Tachometer_LeftDir             
20000754  _lock                          
20000758  _unlock                        
2000075c  CaptureTask0                   
20000760  CaptureTask2                   
20000764  main_func_sp                   
20000768  SystemCoreClock                
2000fe00  __stack                        
20010000  __STACK_END                    
4000480c  WDTCTL_SYM                     
ffffffff  __TI_pprof_out_hndl            
ffffffff  __TI_prof_data_size            
ffffffff  __TI_prof_data_start           
ffffffff  __binit__                      
ffffffff  __c_args__                     
ffffffff  binit                          
UNDEFED   SHT$$INIT_ARRAY$$Base          
UNDEFED   SHT$$INIT_ARRAY$$Limit         

[213 symbols]
