******************************************************************************
                  TI ARM Linker PC v16.9.6                     
******************************************************************************
>> Linked Mon Oct 27 17:22:28 2025

OUTPUT FILE NAME:   <BUMP_MATH.out>
ENTRY POINT SYMBOL: "_c_int00"  address: 00001465


MEMORY CONFIGURATION

         name            origin    length      used     unused   attr    fill
----------------------  --------  ---------  --------  --------  ----  --------
  MAIN                  00000000   00040000  0000168f  0003e971  R  X
  INFO                  00200000   00004000  00000000  00004000  R  X
  SRAM_CODE             01000000   00010000  0000026c  0000fd94  RW X
  SRAM_DATA             20000000   00010000  0000026c  0000fd94  RW  


SEGMENT ALLOCATION MAP

run origin  load origin   length   init length attrs members
----------  ----------- ---------- ----------- ----- -------
00000000    00000000    00001698   00001698    r-x
  00000000    00000000    000000e4   000000e4    r-- .intvecs
  000000e4    000000e4    00001532   00001532    r-x .text
  00001618    00001618    00000031   00000031    r-- .const
  00001650    00001650    00000048   00000048    r-- .cinit
20000000    20000000    0000006c   00000000    rw-
  20000000    20000000    00000058   00000000    rw- .data
  20000058    20000058    00000014   00000000    rw- .bss
2000fe00    2000fe00    00000200   00000000    rw-
  2000fe00    2000fe00    00000200   00000000    rw- .stack


SECTION ALLOCATION MAP

 output                                  attributes/
section   page    origin      length       input sections
--------  ----  ----------  ----------   ----------------
.intvecs   0    00000000    000000e4     
                  00000000    000000e4     startup_msp432p401r_ccs.obj (.intvecs:retain)

.binit     0    00000000    00000000     

.text      0    000000e4    00001532     
                  000000e4    00000630     TExaS.obj (.text)
                  00000714    0000032c     system_msp432p401r.obj (.text)
                  00000a40    00000204     Reflectance.obj (.text)
                  00000c44    000001e0     Clock.obj (.text)
                  00000e24    000001d4     Lab3_Sensorsmain.obj (.text)
                  00000ff8    00000188     Bump.obj (.text)
                  00001180    000000f4     LaunchPad.obj (.text)
                  00001274    0000009c     rtsv7M4_T_le_v4SPD16_eabi.lib : memcpy_t2.obj (.text)
                  00001310    0000007a                                   : memset_t2.obj (.text)
                  0000138a    00000002                                   : mpu_init.obj (.text)
                  0000138c    00000070                                   : autoinit.obj (.text)
                  000013fc    00000068                                   : copy_decompress_lzss.obj (.text:decompress:lzss)
                  00001464    00000054                                   : boot.obj (.text)
                  000014b8    00000054                                   : exit.obj (.text)
                  0000150c    0000004c                                   : cpy_tbl.obj (.text)
                  00001558    00000040     SysTickInts.obj (.text)
                  00001598    00000024     CortexM.obj (.text)
                  000015bc    00000018     rtsv7M4_T_le_v4SPD16_eabi.lib : args_main.obj (.text)
                  000015d4    00000014                                   : _lock.obj (.text)
                  000015e8    0000000e                                   : copy_decompress_none.obj (.text:decompress:none)
                  000015f6    0000000e     startup_msp432p401r_ccs.obj (.text)
                  00001604    0000000c     rtsv7M4_T_le_v4SPD16_eabi.lib : copy_zero_init.obj (.text:decompress:ZI)
                  00001610    00000004                                   : pre_init.obj (.text)
                  00001614    00000002                                   : startup.obj (.text)

.const     0    00001618    00000031     
                  00001618    00000020     Reflectance.obj (.const:$P$T0$1)
                  00001638    00000011     Lab3_Sensorsmain.obj (.const:.string:$P$T0$2)

.cinit     0    00001650    00000048     
                  00001650    00000021     (.cinit..data.load) [load image, compression = lzss]
                  00001671    00000003     --HOLE-- [fill = 0]
                  00001674    0000000c     (__TI_handler_table)
                  00001680    00000008     (.cinit..bss.load) [load image, compression = zero_init]
                  00001688    00000010     (__TI_cinit_table)

.init_array 
*          0    00000000    00000000     UNINITIALIZED

.data      0    20000000    00000058     UNINITIALIZED
                  20000000    00000018     Clock.obj (.data)
                  20000018    00000015     Lab3_Sensorsmain.obj (.data)
                  2000002d    00000002     Lab3_Sensorsmain.obj (.data:hex_str)
                  2000002f    00000001     --HOLE--
                  20000030    0000000c     rtsv7M4_T_le_v4SPD16_eabi.lib : exit.obj (.data:$O1$$)
                  2000003c    0000000c     TExaS.obj (.data)
                  20000048    00000008     rtsv7M4_T_le_v4SPD16_eabi.lib : _lock.obj (.data:$O1$$)
                  20000050    00000004                                   : stkdepth_vars.obj (.data)
                  20000054    00000004     system_msp432p401r.obj (.data)

.bss       0    20000058    00000014     UNINITIALIZED
                  20000058    00000004     (.common:PeriodicTask2)
                  2000005c    00000004     (.common:Port4Task)
                  20000060    00000004     (.common:bump_val)
                  20000064    00000004     (.common:bump_val_hex)
                  20000068    00000001     (.common:LogicData)
                  20000069    00000001     (.common:bumpState)
                  2000006a    00000001     (.common:bump_data)
                  2000006b    00000001     (.common:reflectance_data)

.stack     0    2000fe00    00000200     UNINITIALIZED
                  2000fe00    00000200     --HOLE--

MODULE SUMMARY

       Module                        code   ro data   rw data
       ------                        ----   -------   -------
    .\
       TExaS.obj                     1584   0         34     
       system_msp432p401r.obj        812    0         8      
       Lab3_Sensorsmain.obj          468    17        66     
       Reflectance.obj               516    32        0      
       Clock.obj                     480    0         48     
       Bump.obj                      392    0         10     
       LaunchPad.obj                 244    0         0      
       startup_msp432p401r_ccs.obj   14     228       0      
       SysTickInts.obj               64     0         0      
       CortexM.obj                   36     0         0      
    +--+-----------------------------+------+---------+---------+
       Total:                        4610   277       166    
                                                             
    C:\ti\ccsv7\tools\compiler\ti-cgt-arm_16.9.6.LTS\lib\rtsv7M4_T_le_v4SPD16_eabi.lib
       memcpy_t2.obj                 156    0         0      
       memset_t2.obj                 122    0         0      
       autoinit.obj                  112    0         0      
       exit.obj                      84     0         24     
       copy_decompress_lzss.obj      104    0         0      
       boot.obj                      84     0         0      
       cpy_tbl.obj                   76     0         0      
       _lock.obj                     20     0         16     
       args_main.obj                 24     0         0      
       copy_decompress_none.obj      14     0         0      
       copy_zero_init.obj            12     0         0      
       stkdepth_vars.obj             0      0         8      
       pre_init.obj                  4      0         0      
       mpu_init.obj                  2      0         0      
       startup.obj                   2      0         0      
    +--+-----------------------------+------+---------+---------+
       Total:                        816    0         48     
                                                             
       Stack:                        0      0         1024   
       Linker Generated:             0      69        0      
    +--+-----------------------------+------+---------+---------+
       Grand Total:                  5426   346       1238   


LINKER GENERATED COPY TABLES

__TI_cinit_table @ 00001688 records: 2, size/record: 8, table size: 16
	.data: load addr=00001650, load size=00000021 bytes, run addr=20000000, run size=00000058 bytes, compression=lzss
	.bss: load addr=00001680, load size=00000008 bytes, run addr=20000058, run size=00000014 bytes, compression=zero_init


LINKER GENERATED HANDLER TABLE

__TI_handler_table @ 00001674 records: 3, size/record: 4, table size: 12
	index: 0, handler: __TI_decompress_lzss
	index: 1, handler: __TI_decompress_none
	index: 2, handler: __TI_zero_init


GLOBAL SYMBOLS: SORTED ALPHABETICALLY BY Name 

address   name                           
-------   ----                           
00001603  ADC14_IRQHandler               
00000475  ADC_Init                       
00001603  AES256_IRQHandler              
00001031  Bump_Init                      
000010a7  Bump_Read                      
00001603  BusFault_Handler               
000014b9  C$$EXIT                        
00001603  COMP_E0_IRQHandler             
00001603  COMP_E1_IRQHandler             
20000008  CPMwait                        
00001603  CS_IRQHandler                  
20000000  ClockFrequency                 
00000d99  Clock_Delay1ms                 
00000d6f  Clock_Delay1us                 
00000d5b  Clock_GetFreq                  
00000c45  Clock_Init48MHz                
20000014  Crystalstable                  
00001603  DMA_ERR_IRQHandler             
00001603  DMA_INT0_IRQHandler            
00001603  DMA_INT1_IRQHandler            
00001603  DMA_INT2_IRQHandler            
00001603  DMA_INT3_IRQHandler            
00001603  DebugMon_Handler               
00001603  Default_Handler                
00001599  DisableInterrupts              
00001603  EUSCIA0_IRQHandler             
00001603  EUSCIA1_IRQHandler             
00001603  EUSCIA2_IRQHandler             
00001603  EUSCIA3_IRQHandler             
00001603  EUSCIB0_IRQHandler             
00001603  EUSCIB1_IRQHandler             
00001603  EUSCIB2_IRQHandler             
00001603  EUSCIB3_IRQHandler             
0000159f  EnableInterrupts               
000015af  EndCritical                    
00001603  FLCTL_IRQHandler               
00001603  FPU_IRQHandler                 
00001603  HardFault_Handler              
20000010  IFlags                         
00001181  LaunchPad_Init                 
000011f1  LaunchPad_Input                
0000120b  LaunchPad_LED                  
00001229  LaunchPad_Output               
000000e5  LogicAnalyzer                  
000000ef  LogicAnalyzer_P1               
000001c5  LogicAnalyzer_P10              
000000fd  LogicAnalyzer_P2               
0000010b  LogicAnalyzer_P2_7654          
0000011b  LogicAnalyzer_P3               
00000129  LogicAnalyzer_P4               
00000147  LogicAnalyzer_P4_765320        
00000137  LogicAnalyzer_P4_765432        
0000017f  LogicAnalyzer_P5               
0000018d  LogicAnalyzer_P6               
0000019b  LogicAnalyzer_P7               
000001a9  LogicAnalyzer_P8               
000001b7  LogicAnalyzer_P9               
20000068  LogicData                      
20000018  MainCount                      
00001603  MemManage_Handler              
00001603  NMI_Handler                    
00001603  PCM_IRQHandler                 
00001603  PORT1_IRQHandler               
00001603  PORT2_IRQHandler               
00001603  PORT3_IRQHandler               
00000ff9  PORT4_IRQHandler               
00000ff9  PORT4_IRQHandler               
00001603  PORT5_IRQHandler               
00001603  PORT6_IRQHandler               
00001603  PSS_IRQHandler                 
00001603  PendSV_Handler                 
20000058  PeriodicTask2                  
00000257  PeriodicTask2_Init             
000002d1  PeriodicTask2_Stop             
2000005c  Port4Task                      
00000a51  Port5_Init                     
00000aa5  Port7_Init                     
00000ac7  Port7_InitToInput              
00000ab9  Port7_Output_ChargeCap         
00000a7b  Port9_Init                     
2000000c  Postwait                       
20000004  Prewait                        
00001603  RTC_C_IRQHandler               
00000b1d  Reflectance_Center             
00000be3  Reflectance_End                
00000a41  Reflectance_Init               
00000b47  Reflectance_Position           
00000acf  Reflectance_Read               
00000bbd  Reflectance_Start              
000015f7  Reset_Handler                  
UNDEFED   SHT$$INIT_ARRAY$$Base          
UNDEFED   SHT$$INIT_ARRAY$$Limit         
00001603  SVC_Handler                    
000001d3  Scope                          
000015a5  StartCritical                  
00000e25  SysTick_Handler                
00000e25  SysTick_Handler                
00001559  SysTick_Init                   
20000054  SystemCoreClock                
00000715  SystemCoreClockUpdate          
00000989  SystemInit                     
000002c1  T32_INT1_IRQHandler            
000002c1  T32_INT1_IRQHandler            
00001603  T32_INT2_IRQHandler            
00001603  T32_INTC_IRQHandler            
00001603  TA0_0_IRQHandler               
00001603  TA0_N_IRQHandler               
00001603  TA1_0_IRQHandler               
00001603  TA1_N_IRQHandler               
00001603  TA2_0_IRQHandler               
00001603  TA2_N_IRQHandler               
00001603  TA3_0_IRQHandler               
00001603  TA3_N_IRQHandler               
00000413  TExaS_Clear0                   
0000041f  TExaS_Clear1                   
0000042b  TExaS_Clear2                   
00000437  TExaS_Clear3                   
00000443  TExaS_Clear4                   
00000445  TExaS_Clear5                   
00000451  TExaS_Clear6                   
00000551  TExaS_Init                     
20000040  TExaS_ScopeErrConflict         
2000003c  TExaS_ScopeErrLostData         
20000044  TExaS_ScopeWrnReconfig         
000003b1  TExaS_Set                      
000003c9  TExaS_Set0                     
000003d5  TExaS_Set1                     
000003e1  TExaS_Set2                     
000003ed  TExaS_Set3                     
000003f9  TExaS_Set4                     
000003fb  TExaS_Set5                     
00000407  TExaS_Set6                     
000006b1  TExaS_Stop                     
00000367  TExaS_Task0                    
00000373  TExaS_Task1                    
0000037f  TExaS_Task2                    
0000038b  TExaS_Task3                    
00000397  TExaS_Task4                    
00000399  TExaS_Task5                    
000003a5  TExaS_Task6                    
0000033b  UART_InChar                    
000002e1  UART_Init                      
0000034b  UART_OutChar                   
00001603  UsageFault_Handler             
4000480c  WDTCTL_SYM                     
00001603  WDT_A_IRQHandler               
000015b7  WaitForInterrupt               
20010000  __STACK_END                    
00000200  __STACK_SIZE                   
00001688  __TI_CINIT_Base                
00001698  __TI_CINIT_Limit               
00001674  __TI_Handler_Table_Base        
00001680  __TI_Handler_Table_Limit       
0000138d  __TI_auto_init                 
20000030  __TI_cleanup_ptr               
000013fd  __TI_decompress_lzss           
000015e9  __TI_decompress_none           
20000034  __TI_dtors_ptr                 
20000038  __TI_enable_exit_profile_output
ffffffff  __TI_pprof_out_hndl            
ffffffff  __TI_prof_data_size            
ffffffff  __TI_prof_data_start           
00000000  __TI_static_base__             
00001605  __TI_zero_init                 
00001311  __aeabi_memclr                 
00001311  __aeabi_memclr4                
00001311  __aeabi_memclr8                
00001275  __aeabi_memcpy                 
00001275  __aeabi_memcpy4                
00001275  __aeabi_memcpy8                
00001313  __aeabi_memset                 
00001313  __aeabi_memset4                
00001313  __aeabi_memset8                
ffffffff  __binit__                      
ffffffff  __c_args__                     
0000138b  __mpu_init                     
2000fe00  __stack                        
000015bd  _args_main                     
00001465  _c_int00                       
20000048  _lock                          
000015e3  _nop                           
000015db  _register_lock                 
000015d5  _register_unlock               
00001615  _system_post_cinit             
00001611  _system_pre_init               
2000004c  _unlock                        
000014bd  abort                          
ffffffff  binit                          
2000001d  bumpRef                        
20000069  bumpState                      
2000006a  bump_data                      
20000060  bump_val                       
20000064  bump_val_hex                   
00000e63  convertManual                  
0000150d  copy_in                        
20000024  dec_value                      
00000d61  delay                          
000014c5  exit                           
2000002d  hex_str                        
20000028  hex_value                      
20000020  index                          
00000000  interruptVectors               
00000f67  main                           
20000050  main_func_sp                   
00001275  memcpy                         
00001319  memset                         
2000001c  meow                           
2000006b  reflectance_data               


GLOBAL SYMBOLS: SORTED BY Symbol Address 

address   name                           
-------   ----                           
00000000  __TI_static_base__             
00000000  interruptVectors               
000000e5  LogicAnalyzer                  
000000ef  LogicAnalyzer_P1               
000000fd  LogicAnalyzer_P2               
0000010b  LogicAnalyzer_P2_7654          
0000011b  LogicAnalyzer_P3               
00000129  LogicAnalyzer_P4               
00000137  LogicAnalyzer_P4_765432        
00000147  LogicAnalyzer_P4_765320        
0000017f  LogicAnalyzer_P5               
0000018d  LogicAnalyzer_P6               
0000019b  LogicAnalyzer_P7               
000001a9  LogicAnalyzer_P8               
000001b7  LogicAnalyzer_P9               
000001c5  LogicAnalyzer_P10              
000001d3  Scope                          
00000200  __STACK_SIZE                   
00000257  PeriodicTask2_Init             
000002c1  T32_INT1_IRQHandler            
000002c1  T32_INT1_IRQHandler            
000002d1  PeriodicTask2_Stop             
000002e1  UART_Init                      
0000033b  UART_InChar                    
0000034b  UART_OutChar                   
00000367  TExaS_Task0                    
00000373  TExaS_Task1                    
0000037f  TExaS_Task2                    
0000038b  TExaS_Task3                    
00000397  TExaS_Task4                    
00000399  TExaS_Task5                    
000003a5  TExaS_Task6                    
000003b1  TExaS_Set                      
000003c9  TExaS_Set0                     
000003d5  TExaS_Set1                     
000003e1  TExaS_Set2                     
000003ed  TExaS_Set3                     
000003f9  TExaS_Set4                     
000003fb  TExaS_Set5                     
00000407  TExaS_Set6                     
00000413  TExaS_Clear0                   
0000041f  TExaS_Clear1                   
0000042b  TExaS_Clear2                   
00000437  TExaS_Clear3                   
00000443  TExaS_Clear4                   
00000445  TExaS_Clear5                   
00000451  TExaS_Clear6                   
00000475  ADC_Init                       
00000551  TExaS_Init                     
000006b1  TExaS_Stop                     
00000715  SystemCoreClockUpdate          
00000989  SystemInit                     
00000a41  Reflectance_Init               
00000a51  Port5_Init                     
00000a7b  Port9_Init                     
00000aa5  Port7_Init                     
00000ab9  Port7_Output_ChargeCap         
00000ac7  Port7_InitToInput              
00000acf  Reflectance_Read               
00000b1d  Reflectance_Center             
00000b47  Reflectance_Position           
00000bbd  Reflectance_Start              
00000be3  Reflectance_End                
00000c45  Clock_Init48MHz                
00000d5b  Clock_GetFreq                  
00000d61  delay                          
00000d6f  Clock_Delay1us                 
00000d99  Clock_Delay1ms                 
00000e25  SysTick_Handler                
00000e25  SysTick_Handler                
00000e63  convertManual                  
00000f67  main                           
00000ff9  PORT4_IRQHandler               
00000ff9  PORT4_IRQHandler               
00001031  Bump_Init                      
000010a7  Bump_Read                      
00001181  LaunchPad_Init                 
000011f1  LaunchPad_Input                
0000120b  LaunchPad_LED                  
00001229  LaunchPad_Output               
00001275  __aeabi_memcpy                 
00001275  __aeabi_memcpy4                
00001275  __aeabi_memcpy8                
00001275  memcpy                         
00001311  __aeabi_memclr                 
00001311  __aeabi_memclr4                
00001311  __aeabi_memclr8                
00001313  __aeabi_memset                 
00001313  __aeabi_memset4                
00001313  __aeabi_memset8                
00001319  memset                         
0000138b  __mpu_init                     
0000138d  __TI_auto_init                 
000013fd  __TI_decompress_lzss           
00001465  _c_int00                       
000014b9  C$$EXIT                        
000014bd  abort                          
000014c5  exit                           
0000150d  copy_in                        
00001559  SysTick_Init                   
00001599  DisableInterrupts              
0000159f  EnableInterrupts               
000015a5  StartCritical                  
000015af  EndCritical                    
000015b7  WaitForInterrupt               
000015bd  _args_main                     
000015d5  _register_unlock               
000015db  _register_lock                 
000015e3  _nop                           
000015e9  __TI_decompress_none           
000015f7  Reset_Handler                  
00001603  ADC14_IRQHandler               
00001603  AES256_IRQHandler              
00001603  BusFault_Handler               
00001603  COMP_E0_IRQHandler             
00001603  COMP_E1_IRQHandler             
00001603  CS_IRQHandler                  
00001603  DMA_ERR_IRQHandler             
00001603  DMA_INT0_IRQHandler            
00001603  DMA_INT1_IRQHandler            
00001603  DMA_INT2_IRQHandler            
00001603  DMA_INT3_IRQHandler            
00001603  DebugMon_Handler               
00001603  Default_Handler                
00001603  EUSCIA0_IRQHandler             
00001603  EUSCIA1_IRQHandler             
00001603  EUSCIA2_IRQHandler             
00001603  EUSCIA3_IRQHandler             
00001603  EUSCIB0_IRQHandler             
00001603  EUSCIB1_IRQHandler             
00001603  EUSCIB2_IRQHandler             
00001603  EUSCIB3_IRQHandler             
00001603  FLCTL_IRQHandler               
00001603  FPU_IRQHandler                 
00001603  HardFault_Handler              
00001603  MemManage_Handler              
00001603  NMI_Handler                    
00001603  PCM_IRQHandler                 
00001603  PORT1_IRQHandler               
00001603  PORT2_IRQHandler               
00001603  PORT3_IRQHandler               
00001603  PORT5_IRQHandler               
00001603  PORT6_IRQHandler               
00001603  PSS_IRQHandler                 
00001603  PendSV_Handler                 
00001603  RTC_C_IRQHandler               
00001603  SVC_Handler                    
00001603  T32_INT2_IRQHandler            
00001603  T32_INTC_IRQHandler            
00001603  TA0_0_IRQHandler               
00001603  TA0_N_IRQHandler               
00001603  TA1_0_IRQHandler               
00001603  TA1_N_IRQHandler               
00001603  TA2_0_IRQHandler               
00001603  TA2_N_IRQHandler               
00001603  TA3_0_IRQHandler               
00001603  TA3_N_IRQHandler               
00001603  UsageFault_Handler             
00001603  WDT_A_IRQHandler               
00001605  __TI_zero_init                 
00001611  _system_pre_init               
00001615  _system_post_cinit             
00001674  __TI_Handler_Table_Base        
00001680  __TI_Handler_Table_Limit       
00001688  __TI_CINIT_Base                
00001698  __TI_CINIT_Limit               
20000000  ClockFrequency                 
20000004  Prewait                        
20000008  CPMwait                        
2000000c  Postwait                       
20000010  IFlags                         
20000014  Crystalstable                  
20000018  MainCount                      
2000001c  meow                           
2000001d  bumpRef                        
20000020  index                          
20000024  dec_value                      
20000028  hex_value                      
2000002d  hex_str                        
20000030  __TI_cleanup_ptr               
20000034  __TI_dtors_ptr                 
20000038  __TI_enable_exit_profile_output
2000003c  TExaS_ScopeErrLostData         
20000040  TExaS_ScopeErrConflict         
20000044  TExaS_ScopeWrnReconfig         
20000048  _lock                          
2000004c  _unlock                        
20000050  main_func_sp                   
20000054  SystemCoreClock                
20000058  PeriodicTask2                  
2000005c  Port4Task                      
20000060  bump_val                       
20000064  bump_val_hex                   
20000068  LogicData                      
20000069  bumpState                      
2000006a  bump_data                      
2000006b  reflectance_data               
2000fe00  __stack                        
20010000  __STACK_END                    
4000480c  WDTCTL_SYM                     
ffffffff  __TI_pprof_out_hndl            
ffffffff  __TI_prof_data_size            
ffffffff  __TI_prof_data_start           
ffffffff  __binit__                      
ffffffff  __c_args__                     
ffffffff  binit                          
UNDEFED   SHT$$INIT_ARRAY$$Base          
UNDEFED   SHT$$INIT_ARRAY$$Limit         

[208 symbols]
