******************************************************************************
                  TI ARM Linker PC v16.9.6                     
******************************************************************************
>> Linked Mon Oct 27 14:19:43 2025

OUTPUT FILE NAME:   <TacoMeterMovements.out>
ENTRY POINT SYMBOL: "_c_int00"  address: 00002ce5


MEMORY CONFIGURATION

         name            origin    length      used     unused   attr    fill
----------------------  --------  ---------  --------  --------  ----  --------
  MAIN                  00000000   00040000  000030e0  0003cf20  R  X
  INFO                  00200000   00004000  00000000  00004000  R  X
  SRAM_CODE             01000000   00010000  00000a37  0000f5c9  RW X
  SRAM_DATA             20000000   00010000  00000a37  0000f5c9  RW  


SEGMENT ALLOCATION MAP

run origin  load origin   length   init length attrs members
----------  ----------- ---------- ----------- ----- -------
00000000    00000000    000030e0   000030e0    r-x
  00000000    00000000    000000e4   000000e4    r-- .intvecs
  000000e4    000000e4    00002f4c   00002f4c    r-x .text
  00003030    00003030    000000b0   000000b0    r-- .cinit
20000000    20000000    00000837   00000000    rw-
  20000000    20000000    00000400   00000000    rw- .sysmem
  20000400    20000400    0000024c   00000000    rw- .data
  2000064c    2000064c    000001eb   00000000    rw- .bss
2000fe00    2000fe00    00000200   00000000    rw-
  2000fe00    2000fe00    00000200   00000000    rw- .stack


SECTION ALLOCATION MAP

 output                                  attributes/
section   page    origin      length       input sections
--------  ----  ----------  ----------   ----------------
.intvecs   0    00000000    000000e4     
                  00000000    000000e4     startup_msp432p401r_ccs.obj (.intvecs:retain)

.binit     0    00000000    00000000     

.text      0    000000e4    00002f4c     
                  000000e4    000006bc     UART0.obj (.text)
                  000007a0    00000630     TExaS.obj (.text)
                  00000dd0    000003d0     rtsv7M4_T_le_v4SPD16_eabi.lib : memory.obj (.text)
                  000011a0    0000032c     system_msp432p401r.obj (.text)
                  000014cc    000002e4     Motor.obj (.text)
                  000017b0    000001e0     Clock.obj (.text)
                  00001990    000001c4     rtsv7M4_T_le_v4SPD16_eabi.lib : fopen.obj (.text)
                  00001b54    00000168     Tachometer.obj (.text)
                  00001cbc    00000164     Bump.obj (.text)
                  00001e20    00000136     rtsv7M4_T_le_v4SPD16_eabi.lib : fd_div_t2.obj (.text)
                  00001f56    00000002                                   : mpu_init.obj (.text)
                  00001f58    00000104     TA3InputCapture.obj (.text)
                  0000205c    000000fc     rtsv7M4_T_le_v4SPD16_eabi.lib : fd_mul_t2.obj (.text)
                  00002158    000000f8     Lab4_Tachmain.obj (.text)
                  00002250    000000f4     LaunchPad.obj (.text)
                  00002344    000000ec     PWM.obj (.text)
                  00002430    000000dc     rtsv7M4_T_le_v4SPD16_eabi.lib : setvbuf.obj (.text)
                  0000250c    000000c8                                   : fflush.obj (.text)
                  000025d4    000000bc                                   : open.obj (.text)
                  00002690    000000b8                                   : add_device.obj (.text)
                  00002748    0000009c                                   : memcpy_t2.obj (.text)
                  000027e4    00000098                                   : fclose.obj (.text)
                  0000287c    0000007a                                   : memset_t2.obj (.text)
                  000028f6    00000002                                   : startup.obj (.text)
                  000028f8    00000070                                   : autoinit.obj (.text)
                  00002968    00000070                                   : getdevice.obj (.text)
                  000029d8    00000068                                   : copy_decompress_lzss.obj (.text:decompress:lzss)
                  00002a40    00000068                                   : hostlseek.obj (.text)
                  00002aa8    00000068                                   : hostrename.obj (.text)
                  00002b10    00000068                                   : trgmsg.obj (.text)
                  00002b78    00000060                                   : hostopen.obj (.text)
                  00002bd8    0000005c                                   : close.obj (.text)
                  00002c34    00000058                                   : hostread.obj (.text)
                  00002c8c    00000058                                   : hostwrite.obj (.text)
                  00002ce4    00000054                                   : boot.obj (.text)
                  00002d38    00000054                                   : exit.obj (.text)
                  00002d8c    0000004c                                   : cpy_tbl.obj (.text)
                  00002dd8    00000044                                   : fd_tou_t2.obj (.text)
                  00002e1c    00000044                                   : hostclose.obj (.text)
                  00002e60    00000044                                   : hostunlink.obj (.text)
                  00002ea4    00000036                                   : strncpy.obj (.text)
                  00002eda    0000002e                                   : i_tofd_t2.obj (.text)
                  00002f08    0000002c                                   : unlink.obj (.text)
                  00002f34    00000028                                   : write.obj (.text)
                  00002f5c    00000024     CortexM.obj (.text)
                  00002f80    00000018     rtsv7M4_T_le_v4SPD16_eabi.lib : args_main.obj (.text)
                  00002f98    00000018                                   : strcmp.obj (.text)
                  00002fb0    00000016                                   : strchr.obj (.text)
                  00002fc6    00000002     --HOLE-- [fill = 0]
                  00002fc8    00000014                                   : _lock.obj (.text)
                  00002fdc    00000014                                   : strcpy.obj (.text)
                  00002ff0    00000014                                   : strlen.obj (.text)
                  00003004    0000000e                                   : copy_decompress_none.obj (.text:decompress:none)
                  00003012    0000000e     startup_msp432p401r_ccs.obj (.text)
                  00003020    0000000c     rtsv7M4_T_le_v4SPD16_eabi.lib : copy_zero_init.obj (.text:decompress:ZI)
                  0000302c    00000004                                   : pre_init.obj (.text)

.cinit     0    00003030    000000b0     
                  00003030    00000086     (.cinit..data.load) [load image, compression = lzss]
                  000030b6    00000002     --HOLE-- [fill = 0]
                  000030b8    0000000c     (__TI_handler_table)
                  000030c4    00000004     --HOLE-- [fill = 0]
                  000030c8    00000008     (.cinit..bss.load) [load image, compression = zero_init]
                  000030d0    00000010     (__TI_cinit_table)

.init_array 
*          0    00000000    00000000     UNINITIALIZED

.sysmem    0    20000000    00000400     UNINITIALIZED
                  20000000    00000008     rtsv7M4_T_le_v4SPD16_eabi.lib : memory.obj (.sysmem)
                  20000008    000003f8     --HOLE--

.data      0    20000400    0000024c     UNINITIALIZED
                  20000400    000000f0     rtsv7M4_T_le_v4SPD16_eabi.lib : defs.obj (.data:_ftable)
                  200004f0    00000078                                   : write.obj (.data:_device)
                  20000568    00000050                                   : write.obj (.data:_stream)
                  200005b8    00000018     Clock.obj (.data)
                  200005d0    00000018     Lab4_Tachmain.obj (.data)
                  200005e8    00000010     rtsv7M4_T_le_v4SPD16_eabi.lib : defs.obj (.data)
                  200005f8    0000000c                                   : exit.obj (.data:$O1$$)
                  20000604    0000000c                                   : memory.obj (.data:$O1$$)
                  20000610    0000000c     TExaS.obj (.data)
                  2000061c    0000000a     Tachometer.obj (.data)
                  20000626    00000002     --HOLE--
                  20000628    00000008     rtsv7M4_T_le_v4SPD16_eabi.lib : _lock.obj (.data:$O1$$)
                  20000630    00000008     TA3InputCapture.obj (.data)
                  20000638    00000004     rtsv7M4_T_le_v4SPD16_eabi.lib : add_device.obj (.data)
                  2000063c    00000004                                   : fopen.obj (.data)
                  20000640    00000004                                   : open.obj (.data)
                  20000644    00000004                                   : stkdepth_vars.obj (.data)
                  20000648    00000004     system_msp432p401r.obj (.data)

.bss       0    2000064c    000001eb     UNINITIALIZED
                  2000064c    00000120     rtsv7M4_T_le_v4SPD16_eabi.lib : trgmsg.obj (.bss:_CIOBUF_)
                  2000076c    000000a0     (.common:__TI_tmpnams)
                  2000080c    00000008     (.common:Messageb)
                  20000814    00000008     (.common:parmbuf)
                  2000081c    00000004     (.common:Messageindexb)
                  20000820    00000004     (.common:PeriodicTask2)
                  20000824    00000004     (.common:Port4Task)
                  20000828    00000002     (.common:Period0)
                  2000082a    00000002     (.common:Period2)
                  2000082c    00000002     (.common:Tachometer_FirstLeftTime)
                  2000082e    00000002     (.common:Tachometer_FirstRightTime)
                  20000830    00000002     (.common:Tachometer_SecondLeftTime)
                  20000832    00000002     (.common:Tachometer_SecondRightTime)
                  20000834    00000001     (.common:BumpCollision)
                  20000835    00000001     (.common:LogicData)
                  20000836    00000001     (.common:input)

.stack     0    2000fe00    00000200     UNINITIALIZED
                  2000fe00    00000200     --HOLE--

MODULE SUMMARY

       Module                        code    ro data   rw data
       ------                        ----    -------   -------
    .\
       UART0.obj                     1724    0         24     
       TExaS.obj                     1584    0         34     
       system_msp432p401r.obj        812     0         8      
       Motor.obj                     740     0         0      
       Clock.obj                     480     0         48     
       Tachometer.obj                360     0         36     
       Bump.obj                      356     0         10     
       Lab4_Tachmain.obj             248     0         58     
       TA3InputCapture.obj           260     0         16     
       LaunchPad.obj                 244     0         0      
       startup_msp432p401r_ccs.obj   14      228       0      
       PWM.obj                       236     0         0      
       CortexM.obj                   36      0         0      
    +--+-----------------------------+-------+---------+---------+
       Total:                        7094    228       234    
                                                              
    C:\ti\ccsv7\tools\compiler\ti-cgt-arm_16.9.6.LTS\lib\rtsv7M4_T_le_v4SPD16_eabi.lib
       memory.obj                    976     0         24     
       defs.obj                      0       0         832    
       trgmsg.obj                    104     0         576    
       fopen.obj                     452     0         8      
       write.obj                     40      0         400    
       fd_div_t2.obj                 310     0         0      
       fd_mul_t2.obj                 252     0         0      
       setvbuf.obj                   220     0         0      
       fflush.obj                    200     0         0      
       open.obj                      188     0         8      
       add_device.obj                184     0         8      
       memcpy_t2.obj                 156     0         0      
       fclose.obj                    152     0         0      
       memset_t2.obj                 122     0         0      
       autoinit.obj                  112     0         0      
       getdevice.obj                 112     0         0      
       hostopen.obj                  96      0         16     
       exit.obj                      84      0         24     
       copy_decompress_lzss.obj      104     0         0      
       hostlseek.obj                 104     0         0      
       hostrename.obj                104     0         0      
       close.obj                     92      0         0      
       hostread.obj                  88      0         0      
       hostwrite.obj                 88      0         0      
       boot.obj                      84      0         0      
       cpy_tbl.obj                   76      0         0      
       fd_tou_t2.obj                 68      0         0      
       hostclose.obj                 68      0         0      
       hostunlink.obj                68      0         0      
       strncpy.obj                   54      0         0      
       i_tofd_t2.obj                 46      0         0      
       unlink.obj                    44      0         0      
       _lock.obj                     20      0         16     
       args_main.obj                 24      0         0      
       strcmp.obj                    24      0         0      
       strchr.obj                    22      0         0      
       strcpy.obj                    20      0         0      
       strlen.obj                    20      0         0      
       copy_decompress_none.obj      14      0         0      
       copy_zero_init.obj            12      0         0      
       stkdepth_vars.obj             0       0         8      
       pre_init.obj                  4       0         0      
       mpu_init.obj                  2       0         0      
       startup.obj                   2       0         0      
    +--+-----------------------------+-------+---------+---------+
       Total:                        5012    0         1920   
                                                              
       Heap:                         0       0         2048   
       Stack:                        0       0         1024   
       Linker Generated:             0       170       0      
    +--+-----------------------------+-------+---------+---------+
       Grand Total:                  12106   398       5226   


LINKER GENERATED COPY TABLES

__TI_cinit_table @ 000030d0 records: 2, size/record: 8, table size: 16
	.data: load addr=00003030, load size=00000086 bytes, run addr=20000400, run size=0000024c bytes, compression=lzss
	.bss: load addr=000030c8, load size=00000008 bytes, run addr=2000064c, run size=000001eb bytes, compression=zero_init


LINKER GENERATED HANDLER TABLE

__TI_handler_table @ 000030b8 records: 3, size/record: 4, table size: 12
	index: 0, handler: __TI_decompress_lzss
	index: 1, handler: __TI_decompress_none
	index: 2, handler: __TI_zero_init


GLOBAL SYMBOLS: SORTED ALPHABETICALLY BY Name 

address   name                           
-------   ----                           
0000301f  ADC14_IRQHandler               
00000b31  ADC_Init                       
0000301f  AES256_IRQHandler              
20000834  BumpCollision                  
00001cd3  Bump_Init                      
00001d49  Bump_Read                      
0000301f  BusFault_Handler               
00002d39  C$$EXIT                        
00002b3f  C$$IO$$                        
0000301f  COMP_E0_IRQHandler             
0000301f  COMP_E1_IRQHandler             
200005c0  CPMwait                        
0000301f  CS_IRQHandler                  
20000630  CaptureTask0                   
20000634  CaptureTask2                   
200005b8  ClockFrequency                 
00001905  Clock_Delay1ms                 
000018db  Clock_Delay1us                 
000018c7  Clock_GetFreq                  
000017b1  Clock_Init48MHz                
200005cc  Crystalstable                  
0000301f  DMA_ERR_IRQHandler             
0000301f  DMA_INT0_IRQHandler            
0000301f  DMA_INT1_IRQHandler            
0000301f  DMA_INT2_IRQHandler            
0000301f  DMA_INT3_IRQHandler            
0000301f  DebugMon_Handler               
0000301f  Default_Handler                
00002f5d  DisableInterrupts              
200005d4  Done0                          
200005dc  Done2                          
0000301f  EUSCIA0_IRQHandler             
0000301f  EUSCIA1_IRQHandler             
0000301f  EUSCIA2_IRQHandler             
0000301f  EUSCIA3_IRQHandler             
0000301f  EUSCIB0_IRQHandler             
0000301f  EUSCIB1_IRQHandler             
0000301f  EUSCIB2_IRQHandler             
0000301f  EUSCIB3_IRQHandler             
00002f63  EnableInterrupts               
00002f73  EndCritical                    
0000301f  FLCTL_IRQHandler               
0000301f  FPU_IRQHandler                 
200005d0  First0                         
200005d8  First2                         
00002e1d  HOSTclose                      
00002a41  HOSTlseek                      
00002b79  HOSTopen                       
00002c35  HOSTread                       
00002aa9  HOSTrename                     
00002e61  HOSTunlink                     
00002c8d  HOSTwrite                      
0000301f  HardFault_Handler              
200005c8  IFlags                         
00002251  LaunchPad_Init                 
000022c1  LaunchPad_Input                
000022db  LaunchPad_LED                  
000022f9  LaunchPad_Output               
000007a1  LogicAnalyzer                  
000007ab  LogicAnalyzer_P1               
00000881  LogicAnalyzer_P10              
000007b9  LogicAnalyzer_P2               
000007c7  LogicAnalyzer_P2_7654          
000007d7  LogicAnalyzer_P3               
000007e5  LogicAnalyzer_P4               
00000803  LogicAnalyzer_P4_765320        
000007f3  LogicAnalyzer_P4_765432        
0000083b  LogicAnalyzer_P5               
00000849  LogicAnalyzer_P6               
00000857  LogicAnalyzer_P7               
00000865  LogicAnalyzer_P8               
00000873  LogicAnalyzer_P9               
20000835  LogicData                      
0000301f  MemManage_Handler              
2000080c  Messageb                       
2000081c  Messageindexb                  
0000161d  Motor_Backward                 
00001579  Motor_Forward                  
000014cd  Motor_Init                     
000015e3  Motor_Left                     
000016e9  Motor_MoveByXmm                
000015a9  Motor_Right                    
0000164d  Motor_RotateAngle              
00001555  Motor_Stop                     
0000301f  NMI_Handler                    
0000301f  PCM_IRQHandler                 
0000301f  PORT1_IRQHandler               
0000301f  PORT2_IRQHandler               
0000301f  PORT3_IRQHandler               
00001cbd  PORT4_IRQHandler               
00001cbd  PORT4_IRQHandler               
0000301f  PORT5_IRQHandler               
0000301f  PORT6_IRQHandler               
0000301f  PSS_IRQHandler                 
000023c9  PWM_Duty3                      
000023e9  PWM_Duty4                      
00002345  PWM_Init34                     
0000301f  PendSV_Handler                 
20000828  Period0                        
2000082a  Period2                        
00002159  PeriodMeasure0                 
00002187  PeriodMeasure2                 
20000820  PeriodicTask2                  
00000913  PeriodicTask2_Init             
0000098d  PeriodicTask2_Stop             
20000824  Port4Task                      
200005c4  Postwait                       
200005bc  Prewait                        
0000301f  RTC_C_IRQHandler               
00003013  Reset_Handler                  
UNDEFED   SHT$$INIT_ARRAY$$Base          
UNDEFED   SHT$$INIT_ARRAY$$Limit         
0000301f  SVC_Handler                    
0000088f  Scope                          
00002f69  StartCritical                  
0000301f  SysTick_Handler                
20000648  SystemCoreClock                
000011a1  SystemCoreClockUpdate          
00001415  SystemInit                     
0000097d  T32_INT1_IRQHandler            
0000097d  T32_INT1_IRQHandler            
0000301f  T32_INT2_IRQHandler            
0000301f  T32_INTC_IRQHandler            
0000301f  TA0_0_IRQHandler               
0000301f  TA0_N_IRQHandler               
0000301f  TA1_0_IRQHandler               
0000301f  TA1_N_IRQHandler               
0000301f  TA2_0_IRQHandler               
0000301f  TA2_N_IRQHandler               
00001feb  TA3_0_IRQHandler               
00001feb  TA3_0_IRQHandler               
00002005  TA3_N_IRQHandler               
00002005  TA3_N_IRQHandler               
00000acf  TExaS_Clear0                   
00000adb  TExaS_Clear1                   
00000ae7  TExaS_Clear2                   
00000af3  TExaS_Clear3                   
00000aff  TExaS_Clear4                   
00000b01  TExaS_Clear5                   
00000b0d  TExaS_Clear6                   
00000c0d  TExaS_Init                     
20000614  TExaS_ScopeErrConflict         
20000610  TExaS_ScopeErrLostData         
20000618  TExaS_ScopeWrnReconfig         
00000a6d  TExaS_Set                      
00000a85  TExaS_Set0                     
00000a91  TExaS_Set1                     
00000a9d  TExaS_Set2                     
00000aa9  TExaS_Set3                     
00000ab5  TExaS_Set4                     
00000ab7  TExaS_Set5                     
00000ac3  TExaS_Set6                     
00000d6d  TExaS_Stop                     
00000a23  TExaS_Task0                    
00000a2f  TExaS_Task1                    
00000a3b  TExaS_Task2                    
00000a47  TExaS_Task3                    
00000a53  TExaS_Task4                    
00000a55  TExaS_Task5                    
00000a61  TExaS_Task6                    
2000082c  Tachometer_FirstLeftTime       
2000082e  Tachometer_FirstRightTime      
00001c29  Tachometer_Get                 
00001be1  Tachometer_Init                
20000625  Tachometer_LeftDir             
20000620  Tachometer_LeftSteps           
20000624  Tachometer_RightDir            
2000061c  Tachometer_RightSteps          
20000830  Tachometer_SecondLeftTime      
20000832  Tachometer_SecondRightTime     
000021b5  TimedPause                     
00001f65  TimerA3Capture_Init            
0000012b  UART0_InChar                   
000005b5  UART0_InString                 
00000175  UART0_InUDec                   
00000469  UART0_InUHex                   
000000e5  UART0_Init                     
00000715  UART0_Initprintf               
0000013b  UART0_OutChar                  
00000157  UART0_OutString                
000001f9  UART0_OutUDec                  
00000365  UART0_OutUDec4                 
000003b9  UART0_OutUDec5                 
000003f5  UART0_OutUFix1                 
0000041d  UART0_OutUFix2                 
0000052d  UART0_OutUHex                  
00000599  UART0_OutUHex2                 
000009f7  UART_InChar                    
0000099d  UART_Init                      
00000a07  UART_OutChar                   
0000301f  UsageFault_Handler             
4000480c  WDTCTL_SYM                     
0000301f  WDT_A_IRQHandler               
00002f7b  WaitForInterrupt               
2000064c  __CIOBUF_                      
20010000  __STACK_END                    
00000200  __STACK_SIZE                   
00000400  __SYSMEM_SIZE                  
000030d0  __TI_CINIT_Base                
000030e0  __TI_CINIT_Limit               
000030b8  __TI_Handler_Table_Base        
000030c4  __TI_Handler_Table_Limit       
000028f9  __TI_auto_init                 
00001a59  __TI_cleanup                   
200005f8  __TI_cleanup_ptr               
000027e5  __TI_closefile                 
000029d9  __TI_decompress_lzss           
00003005  __TI_decompress_none           
0000250d  __TI_doflush                   
200005fc  __TI_dtors_ptr                 
20000600  __TI_enable_exit_profile_output
200005e8  __TI_ft_end                    
ffffffff  __TI_pprof_out_hndl            
ffffffff  __TI_prof_data_size            
ffffffff  __TI_prof_data_start           
00002b43  __TI_readmsg                   
00000000  __TI_static_base__             
2000076c  __TI_tmpnams                   
00002b11  __TI_writemsg                  
00003021  __TI_zero_init                 
00002dd9  __aeabi_d2uiz                  
00001e21  __aeabi_ddiv                   
0000205d  __aeabi_dmul                   
00002edb  __aeabi_i2d                    
0000287d  __aeabi_memclr                 
0000287d  __aeabi_memclr4                
0000287d  __aeabi_memclr8                
00002749  __aeabi_memcpy                 
00002749  __aeabi_memcpy4                
00002749  __aeabi_memcpy8                
0000287f  __aeabi_memset                 
0000287f  __aeabi_memset4                
0000287f  __aeabi_memset8                
200005f4  __aeabi_stderr                 
200005ec  __aeabi_stdin                  
200005f0  __aeabi_stdout                 
ffffffff  __binit__                      
ffffffff  __c_args__                     
00001f57  __mpu_init                     
2000fe00  __stack                        
00002f81  _args_main                     
00002ce5  _c_int00                       
200004f0  _device                        
20000400  _ftable                        
20000628  _lock                          
00002fd7  _nop                           
00002fcf  _register_lock                 
00002fc9  _register_unlock               
20000568  _stream                        
20000000  _sys_memory                    
000028f7  _system_post_cinit             
0000302d  _system_pre_init               
2000062c  _unlock                        
00002d3d  abort                          
00002691  add_device                     
ffffffff  binit                          
00001171  calloc                         
00002bd9  close                          
00002d8d  copy_in                        
000018cd  delay                          
00002d45  exit                           
0000284b  fclose                         
0000064f  ferror                         
00002559  fflush                         
0000062f  fgetc                          
00002969  finddevice                     
00001aaf  fopen                          
00000ebb  free                           
00001a85  freopen                        
00002993  getdevice                      
20000836  input                          
00000000  interruptVectors               
000021df  main                           
200005e4  main_count                     
20000644  main_func_sp                   
00000e51  malloc                         
00001085  memalign                       
00002749  memcpy                         
00002885  memset                         
00000dd1  minit                          
000025d5  open                           
00000571  outnibble                      
20000814  parmbuf                        
00000f7b  realloc                        
00002f09  remove                         
00002431  setvbuf                        
00002fb1  strchr                         
00002f99  strcmp                         
00002fdd  strcpy                         
00002ff1  strlen                         
00002ea5  strncpy                        
00001f59  ta3dummy                       
00001b9b  tachometerLeftInt              
00001b55  tachometerRightInt             
200005e0  targetSteps                    
0000066d  uart_close                     
000006eb  uart_lseek                     
0000065d  uart_open                      
0000067f  uart_read                      
00000707  uart_rename                    
000006fb  uart_unlink                    
000006a9  uart_write                     
00002f09  unlink                         
00002f35  write                          


GLOBAL SYMBOLS: SORTED BY Symbol Address 

address   name                           
-------   ----                           
00000000  __TI_static_base__             
00000000  interruptVectors               
000000e5  UART0_Init                     
0000012b  UART0_InChar                   
0000013b  UART0_OutChar                  
00000157  UART0_OutString                
00000175  UART0_InUDec                   
000001f9  UART0_OutUDec                  
00000200  __STACK_SIZE                   
00000365  UART0_OutUDec4                 
000003b9  UART0_OutUDec5                 
000003f5  UART0_OutUFix1                 
00000400  __SYSMEM_SIZE                  
0000041d  UART0_OutUFix2                 
00000469  UART0_InUHex                   
0000052d  UART0_OutUHex                  
00000571  outnibble                      
00000599  UART0_OutUHex2                 
000005b5  UART0_InString                 
0000062f  fgetc                          
0000064f  ferror                         
0000065d  uart_open                      
0000066d  uart_close                     
0000067f  uart_read                      
000006a9  uart_write                     
000006eb  uart_lseek                     
000006fb  uart_unlink                    
00000707  uart_rename                    
00000715  UART0_Initprintf               
000007a1  LogicAnalyzer                  
000007ab  LogicAnalyzer_P1               
000007b9  LogicAnalyzer_P2               
000007c7  LogicAnalyzer_P2_7654          
000007d7  LogicAnalyzer_P3               
000007e5  LogicAnalyzer_P4               
000007f3  LogicAnalyzer_P4_765432        
00000803  LogicAnalyzer_P4_765320        
0000083b  LogicAnalyzer_P5               
00000849  LogicAnalyzer_P6               
00000857  LogicAnalyzer_P7               
00000865  LogicAnalyzer_P8               
00000873  LogicAnalyzer_P9               
00000881  LogicAnalyzer_P10              
0000088f  Scope                          
00000913  PeriodicTask2_Init             
0000097d  T32_INT1_IRQHandler            
0000097d  T32_INT1_IRQHandler            
0000098d  PeriodicTask2_Stop             
0000099d  UART_Init                      
000009f7  UART_InChar                    
00000a07  UART_OutChar                   
00000a23  TExaS_Task0                    
00000a2f  TExaS_Task1                    
00000a3b  TExaS_Task2                    
00000a47  TExaS_Task3                    
00000a53  TExaS_Task4                    
00000a55  TExaS_Task5                    
00000a61  TExaS_Task6                    
00000a6d  TExaS_Set                      
00000a85  TExaS_Set0                     
00000a91  TExaS_Set1                     
00000a9d  TExaS_Set2                     
00000aa9  TExaS_Set3                     
00000ab5  TExaS_Set4                     
00000ab7  TExaS_Set5                     
00000ac3  TExaS_Set6                     
00000acf  TExaS_Clear0                   
00000adb  TExaS_Clear1                   
00000ae7  TExaS_Clear2                   
00000af3  TExaS_Clear3                   
00000aff  TExaS_Clear4                   
00000b01  TExaS_Clear5                   
00000b0d  TExaS_Clear6                   
00000b31  ADC_Init                       
00000c0d  TExaS_Init                     
00000d6d  TExaS_Stop                     
00000dd1  minit                          
00000e51  malloc                         
00000ebb  free                           
00000f7b  realloc                        
00001085  memalign                       
00001171  calloc                         
000011a1  SystemCoreClockUpdate          
00001415  SystemInit                     
000014cd  Motor_Init                     
00001555  Motor_Stop                     
00001579  Motor_Forward                  
000015a9  Motor_Right                    
000015e3  Motor_Left                     
0000161d  Motor_Backward                 
0000164d  Motor_RotateAngle              
000016e9  Motor_MoveByXmm                
000017b1  Clock_Init48MHz                
000018c7  Clock_GetFreq                  
000018cd  delay                          
000018db  Clock_Delay1us                 
00001905  Clock_Delay1ms                 
00001a59  __TI_cleanup                   
00001a85  freopen                        
00001aaf  fopen                          
00001b55  tachometerRightInt             
00001b9b  tachometerLeftInt              
00001be1  Tachometer_Init                
00001c29  Tachometer_Get                 
00001cbd  PORT4_IRQHandler               
00001cbd  PORT4_IRQHandler               
00001cd3  Bump_Init                      
00001d49  Bump_Read                      
00001e21  __aeabi_ddiv                   
00001f57  __mpu_init                     
00001f59  ta3dummy                       
00001f65  TimerA3Capture_Init            
00001feb  TA3_0_IRQHandler               
00001feb  TA3_0_IRQHandler               
00002005  TA3_N_IRQHandler               
00002005  TA3_N_IRQHandler               
0000205d  __aeabi_dmul                   
00002159  PeriodMeasure0                 
00002187  PeriodMeasure2                 
000021b5  TimedPause                     
000021df  main                           
00002251  LaunchPad_Init                 
000022c1  LaunchPad_Input                
000022db  LaunchPad_LED                  
000022f9  LaunchPad_Output               
00002345  PWM_Init34                     
000023c9  PWM_Duty3                      
000023e9  PWM_Duty4                      
00002431  setvbuf                        
0000250d  __TI_doflush                   
00002559  fflush                         
000025d5  open                           
00002691  add_device                     
00002749  __aeabi_memcpy                 
00002749  __aeabi_memcpy4                
00002749  __aeabi_memcpy8                
00002749  memcpy                         
000027e5  __TI_closefile                 
0000284b  fclose                         
0000287d  __aeabi_memclr                 
0000287d  __aeabi_memclr4                
0000287d  __aeabi_memclr8                
0000287f  __aeabi_memset                 
0000287f  __aeabi_memset4                
0000287f  __aeabi_memset8                
00002885  memset                         
000028f7  _system_post_cinit             
000028f9  __TI_auto_init                 
00002969  finddevice                     
00002993  getdevice                      
000029d9  __TI_decompress_lzss           
00002a41  HOSTlseek                      
00002aa9  HOSTrename                     
00002b11  __TI_writemsg                  
00002b3f  C$$IO$$                        
00002b43  __TI_readmsg                   
00002b79  HOSTopen                       
00002bd9  close                          
00002c35  HOSTread                       
00002c8d  HOSTwrite                      
00002ce5  _c_int00                       
00002d39  C$$EXIT                        
00002d3d  abort                          
00002d45  exit                           
00002d8d  copy_in                        
00002dd9  __aeabi_d2uiz                  
00002e1d  HOSTclose                      
00002e61  HOSTunlink                     
00002ea5  strncpy                        
00002edb  __aeabi_i2d                    
00002f09  remove                         
00002f09  unlink                         
00002f35  write                          
00002f5d  DisableInterrupts              
00002f63  EnableInterrupts               
00002f69  StartCritical                  
00002f73  EndCritical                    
00002f7b  WaitForInterrupt               
00002f81  _args_main                     
00002f99  strcmp                         
00002fb1  strchr                         
00002fc9  _register_unlock               
00002fcf  _register_lock                 
00002fd7  _nop                           
00002fdd  strcpy                         
00002ff1  strlen                         
00003005  __TI_decompress_none           
00003013  Reset_Handler                  
0000301f  ADC14_IRQHandler               
0000301f  AES256_IRQHandler              
0000301f  BusFault_Handler               
0000301f  COMP_E0_IRQHandler             
0000301f  COMP_E1_IRQHandler             
0000301f  CS_IRQHandler                  
0000301f  DMA_ERR_IRQHandler             
0000301f  DMA_INT0_IRQHandler            
0000301f  DMA_INT1_IRQHandler            
0000301f  DMA_INT2_IRQHandler            
0000301f  DMA_INT3_IRQHandler            
0000301f  DebugMon_Handler               
0000301f  Default_Handler                
0000301f  EUSCIA0_IRQHandler             
0000301f  EUSCIA1_IRQHandler             
0000301f  EUSCIA2_IRQHandler             
0000301f  EUSCIA3_IRQHandler             
0000301f  EUSCIB0_IRQHandler             
0000301f  EUSCIB1_IRQHandler             
0000301f  EUSCIB2_IRQHandler             
0000301f  EUSCIB3_IRQHandler             
0000301f  FLCTL_IRQHandler               
0000301f  FPU_IRQHandler                 
0000301f  HardFault_Handler              
0000301f  MemManage_Handler              
0000301f  NMI_Handler                    
0000301f  PCM_IRQHandler                 
0000301f  PORT1_IRQHandler               
0000301f  PORT2_IRQHandler               
0000301f  PORT3_IRQHandler               
0000301f  PORT5_IRQHandler               
0000301f  PORT6_IRQHandler               
0000301f  PSS_IRQHandler                 
0000301f  PendSV_Handler                 
0000301f  RTC_C_IRQHandler               
0000301f  SVC_Handler                    
0000301f  SysTick_Handler                
0000301f  T32_INT2_IRQHandler            
0000301f  T32_INTC_IRQHandler            
0000301f  TA0_0_IRQHandler               
0000301f  TA0_N_IRQHandler               
0000301f  TA1_0_IRQHandler               
0000301f  TA1_N_IRQHandler               
0000301f  TA2_0_IRQHandler               
0000301f  TA2_N_IRQHandler               
0000301f  UsageFault_Handler             
0000301f  WDT_A_IRQHandler               
00003021  __TI_zero_init                 
0000302d  _system_pre_init               
000030b8  __TI_Handler_Table_Base        
000030c4  __TI_Handler_Table_Limit       
000030d0  __TI_CINIT_Base                
000030e0  __TI_CINIT_Limit               
20000000  _sys_memory                    
20000400  _ftable                        
200004f0  _device                        
20000568  _stream                        
200005b8  ClockFrequency                 
200005bc  Prewait                        
200005c0  CPMwait                        
200005c4  Postwait                       
200005c8  IFlags                         
200005cc  Crystalstable                  
200005d0  First0                         
200005d4  Done0                          
200005d8  First2                         
200005dc  Done2                          
200005e0  targetSteps                    
200005e4  main_count                     
200005e8  __TI_ft_end                    
200005ec  __aeabi_stdin                  
200005f0  __aeabi_stdout                 
200005f4  __aeabi_stderr                 
200005f8  __TI_cleanup_ptr               
200005fc  __TI_dtors_ptr                 
20000600  __TI_enable_exit_profile_output
20000610  TExaS_ScopeErrLostData         
20000614  TExaS_ScopeErrConflict         
20000618  TExaS_ScopeWrnReconfig         
2000061c  Tachometer_RightSteps          
20000620  Tachometer_LeftSteps           
20000624  Tachometer_RightDir            
20000625  Tachometer_LeftDir             
20000628  _lock                          
2000062c  _unlock                        
20000630  CaptureTask0                   
20000634  CaptureTask2                   
20000644  main_func_sp                   
20000648  SystemCoreClock                
2000064c  __CIOBUF_                      
2000076c  __TI_tmpnams                   
2000080c  Messageb                       
20000814  parmbuf                        
2000081c  Messageindexb                  
20000820  PeriodicTask2                  
20000824  Port4Task                      
20000828  Period0                        
2000082a  Period2                        
2000082c  Tachometer_FirstLeftTime       
2000082e  Tachometer_FirstRightTime      
20000830  Tachometer_SecondLeftTime      
20000832  Tachometer_SecondRightTime     
20000834  BumpCollision                  
20000835  LogicData                      
20000836  input                          
2000fe00  __stack                        
20010000  __STACK_END                    
4000480c  WDTCTL_SYM                     
ffffffff  __TI_pprof_out_hndl            
ffffffff  __TI_prof_data_size            
ffffffff  __TI_prof_data_start           
ffffffff  __binit__                      
ffffffff  __c_args__                     
ffffffff  binit                          
UNDEFED   SHT$$INIT_ARRAY$$Base          
UNDEFED   SHT$$INIT_ARRAY$$Limit         

[304 symbols]
