******************************************************************************
                  TI ARM Linker PC v16.9.6                     
******************************************************************************
>> Linked Mon Oct 27 16:18:11 2025

OUTPUT FILE NAME:   <BUMP_COLOUR_CHANGE.out>
ENTRY POINT SYMBOL: "_c_int00"  address: 0000143d


MEMORY CONFIGURATION

         name            origin    length      used     unused   attr    fill
----------------------  --------  ---------  --------  --------  ----  --------
  MAIN                  00000000   00040000  00001667  0003e999  R  X
  INFO                  00200000   00004000  00000000  00004000  R  X
  SRAM_CODE             01000000   00010000  00000262  0000fd9e  RW X
  SRAM_DATA             20000000   00010000  00000262  0000fd9e  RW  


SEGMENT ALLOCATION MAP

run origin  load origin   length   init length attrs members
----------  ----------- ---------- ----------- ----- -------
00000000    00000000    00001670   00001670    r-x
  00000000    00000000    000000e4   000000e4    r-- .intvecs
  000000e4    000000e4    0000150a   0000150a    r-x .text
  000015f0    000015f0    00000031   00000031    r-- .const
  00001628    00001628    00000048   00000048    r-- .cinit
20000000    20000000    00000062   00000000    rw-
  20000000    20000000    00000054   00000000    rw- .data
  20000054    20000054    0000000e   00000000    rw- .bss
2000fe00    2000fe00    00000200   00000000    rw-
  2000fe00    2000fe00    00000200   00000000    rw- .stack


SECTION ALLOCATION MAP

 output                                  attributes/
section   page    origin      length       input sections
--------  ----  ----------  ----------   ----------------
.intvecs   0    00000000    000000e4     
                  00000000    000000e4     startup_msp432p401r_ccs.obj (.intvecs:retain)

.binit     0    00000000    00000000     

.text      0    000000e4    0000150a     
                  000000e4    00000630     TExaS.obj (.text)
                  00000714    0000032c     system_msp432p401r.obj (.text)
                  00000a40    00000264     Bump.obj (.text)
                  00000ca4    00000204     Reflectance.obj (.text)
                  00000ea8    000001e0     Clock.obj (.text)
                  00001088    000000f4     LaunchPad.obj (.text)
                  0000117c    000000d0     Lab3_Sensorsmain.obj (.text)
                  0000124c    0000009c     rtsv7M4_T_le_v4SPD16_eabi.lib : memcpy_t2.obj (.text)
                  000012e8    0000007a                                   : memset_t2.obj (.text)
                  00001362    00000002                                   : mpu_init.obj (.text)
                  00001364    00000070                                   : autoinit.obj (.text)
                  000013d4    00000068                                   : copy_decompress_lzss.obj (.text:decompress:lzss)
                  0000143c    00000054                                   : boot.obj (.text)
                  00001490    00000054                                   : exit.obj (.text)
                  000014e4    0000004c                                   : cpy_tbl.obj (.text)
                  00001530    00000040     SysTickInts.obj (.text)
                  00001570    00000024     CortexM.obj (.text)
                  00001594    00000018     rtsv7M4_T_le_v4SPD16_eabi.lib : args_main.obj (.text)
                  000015ac    00000014                                   : _lock.obj (.text)
                  000015c0    0000000e                                   : copy_decompress_none.obj (.text:decompress:none)
                  000015ce    0000000e     startup_msp432p401r_ccs.obj (.text)
                  000015dc    0000000c     rtsv7M4_T_le_v4SPD16_eabi.lib : copy_zero_init.obj (.text:decompress:ZI)
                  000015e8    00000004                                   : pre_init.obj (.text)
                  000015ec    00000002                                   : startup.obj (.text)

.const     0    000015f0    00000031     
                  000015f0    00000020     Reflectance.obj (.const:$P$T0$1)
                  00001610    00000011     Bump.obj (.const:.string:$P$T0$1)

.cinit     0    00001628    00000048     
                  00001628    0000001e     (.cinit..data.load) [load image, compression = lzss]
                  00001646    00000002     --HOLE-- [fill = 0]
                  00001648    0000000c     (__TI_handler_table)
                  00001654    00000004     --HOLE-- [fill = 0]
                  00001658    00000008     (.cinit..bss.load) [load image, compression = zero_init]
                  00001660    00000010     (__TI_cinit_table)

.init_array 
*          0    00000000    00000000     UNINITIALIZED

.data      0    20000000    00000054     UNINITIALIZED
                  20000000    00000018     Clock.obj (.data)
                  20000018    0000000c     rtsv7M4_T_le_v4SPD16_eabi.lib : exit.obj (.data:$O1$$)
                  20000024    0000000c     TExaS.obj (.data)
                  20000030    00000008     rtsv7M4_T_le_v4SPD16_eabi.lib : _lock.obj (.data:$O1$$)
                  20000038    00000008     Bump.obj (.data)
                  20000040    00000007     Lab3_Sensorsmain.obj (.data)
                  20000047    00000005     Bump.obj (.data:hex_str)
                  2000004c    00000004     rtsv7M4_T_le_v4SPD16_eabi.lib : stkdepth_vars.obj (.data)
                  20000050    00000004     system_msp432p401r.obj (.data)

.bss       0    20000054    0000000e     UNINITIALIZED
                  20000054    00000004     (.common:PeriodicTask2)
                  20000058    00000004     (.common:Port4Task)
                  2000005c    00000001     (.common:BumpCollision)
                  2000005d    00000001     (.common:LogicData)
                  2000005e    00000001     (.common:bump_data)
                  2000005f    00000001     (.common:bump_val)
                  20000060    00000001     (.common:bump_val_hex)
                  20000061    00000001     (.common:reflectance_data)

.stack     0    2000fe00    00000200     UNINITIALIZED
                  2000fe00    00000200     --HOLE--

MODULE SUMMARY

       Module                        code   ro data   rw data
       ------                        ----   -------   -------
    .\
       TExaS.obj                     1584   0         34     
       system_msp432p401r.obj        812    0         8      
       Bump.obj                      612    17        40     
       Reflectance.obj               516    32        0      
       Clock.obj                     480    0         48     
       LaunchPad.obj                 244    0         0      
       startup_msp432p401r_ccs.obj   14     228       0      
       Lab3_Sensorsmain.obj          208    0         18     
       SysTickInts.obj               64     0         0      
       CortexM.obj                   36     0         0      
    +--+-----------------------------+------+---------+---------+
       Total:                        4570   277       148    
                                                             
    C:\ti\ccsv7\tools\compiler\ti-cgt-arm_16.9.6.LTS\lib\rtsv7M4_T_le_v4SPD16_eabi.lib
       memcpy_t2.obj                 156    0         0      
       memset_t2.obj                 122    0         0      
       autoinit.obj                  112    0         0      
       exit.obj                      84     0         24     
       copy_decompress_lzss.obj      104    0         0      
       boot.obj                      84     0         0      
       cpy_tbl.obj                   76     0         0      
       _lock.obj                     20     0         16     
       args_main.obj                 24     0         0      
       copy_decompress_none.obj      14     0         0      
       copy_zero_init.obj            12     0         0      
       stkdepth_vars.obj             0      0         8      
       pre_init.obj                  4      0         0      
       mpu_init.obj                  2      0         0      
       startup.obj                   2      0         0      
    +--+-----------------------------+------+---------+---------+
       Total:                        816    0         48     
                                                             
       Stack:                        0      0         1024   
       Linker Generated:             0      66        0      
    +--+-----------------------------+------+---------+---------+
       Grand Total:                  5386   343       1220   


LINKER GENERATED COPY TABLES

__TI_cinit_table @ 00001660 records: 2, size/record: 8, table size: 16
	.data: load addr=00001628, load size=0000001e bytes, run addr=20000000, run size=00000054 bytes, compression=lzss
	.bss: load addr=00001658, load size=00000008 bytes, run addr=20000054, run size=0000000e bytes, compression=zero_init


LINKER GENERATED HANDLER TABLE

__TI_handler_table @ 00001648 records: 3, size/record: 4, table size: 12
	index: 0, handler: __TI_decompress_lzss
	index: 1, handler: __TI_decompress_none
	index: 2, handler: __TI_zero_init


GLOBAL SYMBOLS: SORTED ALPHABETICALLY BY Name 

address   name                           
-------   ----                           
000015db  ADC14_IRQHandler               
00000475  ADC_Init                       
000015db  AES256_IRQHandler              
2000005c  BumpCollision                  
00000b3d  Bump_Init                      
00000bb3  Bump_Read                      
000015db  BusFault_Handler               
00001491  C$$EXIT                        
000015db  COMP_E0_IRQHandler             
000015db  COMP_E1_IRQHandler             
20000008  CPMwait                        
000015db  CS_IRQHandler                  
20000000  ClockFrequency                 
00000ffd  Clock_Delay1ms                 
00000fd3  Clock_Delay1us                 
00000fbf  Clock_GetFreq                  
00000ea9  Clock_Init48MHz                
20000014  Crystalstable                  
000015db  DMA_ERR_IRQHandler             
000015db  DMA_INT0_IRQHandler            
000015db  DMA_INT1_IRQHandler            
000015db  DMA_INT2_IRQHandler            
000015db  DMA_INT3_IRQHandler            
000015db  DebugMon_Handler               
000015db  Default_Handler                
00001571  DisableInterrupts              
000015db  EUSCIA0_IRQHandler             
000015db  EUSCIA1_IRQHandler             
000015db  EUSCIA2_IRQHandler             
000015db  EUSCIA3_IRQHandler             
000015db  EUSCIB0_IRQHandler             
000015db  EUSCIB1_IRQHandler             
000015db  EUSCIB2_IRQHandler             
000015db  EUSCIB3_IRQHandler             
00001577  EnableInterrupts               
00001587  EndCritical                    
000015db  FLCTL_IRQHandler               
000015db  FPU_IRQHandler                 
000015db  HardFault_Handler              
20000010  IFlags                         
00001089  LaunchPad_Init                 
000010f9  LaunchPad_Input                
00001113  LaunchPad_LED                  
00001131  LaunchPad_Output               
000000e5  LogicAnalyzer                  
000000ef  LogicAnalyzer_P1               
000001c5  LogicAnalyzer_P10              
000000fd  LogicAnalyzer_P2               
0000010b  LogicAnalyzer_P2_7654          
0000011b  LogicAnalyzer_P3               
00000129  LogicAnalyzer_P4               
00000147  LogicAnalyzer_P4_765320        
00000137  LogicAnalyzer_P4_765432        
0000017f  LogicAnalyzer_P5               
0000018d  LogicAnalyzer_P6               
0000019b  LogicAnalyzer_P7               
000001a9  LogicAnalyzer_P8               
000001b7  LogicAnalyzer_P9               
2000005d  LogicData                      
20000040  MainCount                      
000015db  MemManage_Handler              
000015db  NMI_Handler                    
000015db  PCM_IRQHandler                 
000015db  PORT1_IRQHandler               
000015db  PORT2_IRQHandler               
000015db  PORT3_IRQHandler               
00000a41  PORT4_IRQHandler               
00000a41  PORT4_IRQHandler               
000015db  PORT5_IRQHandler               
000015db  PORT6_IRQHandler               
000015db  PSS_IRQHandler                 
000015db  PendSV_Handler                 
20000054  PeriodicTask2                  
00000257  PeriodicTask2_Init             
000002d1  PeriodicTask2_Stop             
20000058  Port4Task                      
00000cb5  Port5_Init                     
00000d09  Port7_Init                     
00000d2b  Port7_InitToInput              
00000d1d  Port7_Output_ChargeCap         
00000cdf  Port9_Init                     
2000000c  Postwait                       
20000004  Prewait                        
000015db  RTC_C_IRQHandler               
00000d81  Reflectance_Center             
00000e47  Reflectance_End                
00000ca5  Reflectance_Init               
00000dab  Reflectance_Position           
00000d33  Reflectance_Read               
00000e21  Reflectance_Start              
000015cf  Reset_Handler                  
UNDEFED   SHT$$INIT_ARRAY$$Base          
UNDEFED   SHT$$INIT_ARRAY$$Limit         
000015db  SVC_Handler                    
000001d3  Scope                          
0000157d  StartCritical                  
0000117d  SysTick_Handler                
0000117d  SysTick_Handler                
00001531  SysTick_Init                   
20000050  SystemCoreClock                
00000715  SystemCoreClockUpdate          
00000989  SystemInit                     
000002c1  T32_INT1_IRQHandler            
000002c1  T32_INT1_IRQHandler            
000015db  T32_INT2_IRQHandler            
000015db  T32_INTC_IRQHandler            
000015db  TA0_0_IRQHandler               
000015db  TA0_N_IRQHandler               
000015db  TA1_0_IRQHandler               
000015db  TA1_N_IRQHandler               
000015db  TA2_0_IRQHandler               
000015db  TA2_N_IRQHandler               
000015db  TA3_0_IRQHandler               
000015db  TA3_N_IRQHandler               
00000413  TExaS_Clear0                   
0000041f  TExaS_Clear1                   
0000042b  TExaS_Clear2                   
00000437  TExaS_Clear3                   
00000443  TExaS_Clear4                   
00000445  TExaS_Clear5                   
00000451  TExaS_Clear6                   
00000551  TExaS_Init                     
20000028  TExaS_ScopeErrConflict         
20000024  TExaS_ScopeErrLostData         
2000002c  TExaS_ScopeWrnReconfig         
000003b1  TExaS_Set                      
000003c9  TExaS_Set0                     
000003d5  TExaS_Set1                     
000003e1  TExaS_Set2                     
000003ed  TExaS_Set3                     
000003f9  TExaS_Set4                     
000003fb  TExaS_Set5                     
00000407  TExaS_Set6                     
000006b1  TExaS_Stop                     
00000367  TExaS_Task0                    
00000373  TExaS_Task1                    
0000037f  TExaS_Task2                    
0000038b  TExaS_Task3                    
00000397  TExaS_Task4                    
00000399  TExaS_Task5                    
000003a5  TExaS_Task6                    
0000033b  UART_InChar                    
000002e1  UART_Init                      
0000034b  UART_OutChar                   
000015db  UsageFault_Handler             
4000480c  WDTCTL_SYM                     
000015db  WDT_A_IRQHandler               
0000158f  WaitForInterrupt               
20010000  __STACK_END                    
00000200  __STACK_SIZE                   
00001660  __TI_CINIT_Base                
00001670  __TI_CINIT_Limit               
00001648  __TI_Handler_Table_Base        
00001654  __TI_Handler_Table_Limit       
00001365  __TI_auto_init                 
20000018  __TI_cleanup_ptr               
000013d5  __TI_decompress_lzss           
000015c1  __TI_decompress_none           
2000001c  __TI_dtors_ptr                 
20000020  __TI_enable_exit_profile_output
ffffffff  __TI_pprof_out_hndl            
ffffffff  __TI_prof_data_size            
ffffffff  __TI_prof_data_start           
00000000  __TI_static_base__             
000015dd  __TI_zero_init                 
000012e9  __aeabi_memclr                 
000012e9  __aeabi_memclr4                
000012e9  __aeabi_memclr8                
0000124d  __aeabi_memcpy                 
0000124d  __aeabi_memcpy4                
0000124d  __aeabi_memcpy8                
000012eb  __aeabi_memset                 
000012eb  __aeabi_memset4                
000012eb  __aeabi_memset8                
ffffffff  __binit__                      
ffffffff  __c_args__                     
00001363  __mpu_init                     
2000fe00  __stack                        
00001595  _args_main                     
0000143d  _c_int00                       
20000030  _lock                          
000015bb  _nop                           
000015b3  _register_lock                 
000015ad  _register_unlock               
000015ed  _system_post_cinit             
000015e9  _system_pre_init               
20000034  _unlock                        
00001495  abort                          
ffffffff  binit                          
20000045  bumpRef                        
2000005e  bump_data                      
2000005f  bump_val                       
20000060  bump_val_hex                   
000014e5  copy_in                        
2000003c  dec_value                      
00000fc5  delay                          
0000149d  exit                           
20000047  hex_str                        
20000038  index                          
00000000  interruptVectors               
000011bb  main                           
2000004c  main_func_sp                   
0000124d  memcpy                         
000012f1  memset                         
20000044  meow                           
20000061  reflectance_data               


GLOBAL SYMBOLS: SORTED BY Symbol Address 

address   name                           
-------   ----                           
00000000  __TI_static_base__             
00000000  interruptVectors               
000000e5  LogicAnalyzer                  
000000ef  LogicAnalyzer_P1               
000000fd  LogicAnalyzer_P2               
0000010b  LogicAnalyzer_P2_7654          
0000011b  LogicAnalyzer_P3               
00000129  LogicAnalyzer_P4               
00000137  LogicAnalyzer_P4_765432        
00000147  LogicAnalyzer_P4_765320        
0000017f  LogicAnalyzer_P5               
0000018d  LogicAnalyzer_P6               
0000019b  LogicAnalyzer_P7               
000001a9  LogicAnalyzer_P8               
000001b7  LogicAnalyzer_P9               
000001c5  LogicAnalyzer_P10              
000001d3  Scope                          
00000200  __STACK_SIZE                   
00000257  PeriodicTask2_Init             
000002c1  T32_INT1_IRQHandler            
000002c1  T32_INT1_IRQHandler            
000002d1  PeriodicTask2_Stop             
000002e1  UART_Init                      
0000033b  UART_InChar                    
0000034b  UART_OutChar                   
00000367  TExaS_Task0                    
00000373  TExaS_Task1                    
0000037f  TExaS_Task2                    
0000038b  TExaS_Task3                    
00000397  TExaS_Task4                    
00000399  TExaS_Task5                    
000003a5  TExaS_Task6                    
000003b1  TExaS_Set                      
000003c9  TExaS_Set0                     
000003d5  TExaS_Set1                     
000003e1  TExaS_Set2                     
000003ed  TExaS_Set3                     
000003f9  TExaS_Set4                     
000003fb  TExaS_Set5                     
00000407  TExaS_Set6                     
00000413  TExaS_Clear0                   
0000041f  TExaS_Clear1                   
0000042b  TExaS_Clear2                   
00000437  TExaS_Clear3                   
00000443  TExaS_Clear4                   
00000445  TExaS_Clear5                   
00000451  TExaS_Clear6                   
00000475  ADC_Init                       
00000551  TExaS_Init                     
000006b1  TExaS_Stop                     
00000715  SystemCoreClockUpdate          
00000989  SystemInit                     
00000a41  PORT4_IRQHandler               
00000a41  PORT4_IRQHandler               
00000b3d  Bump_Init                      
00000bb3  Bump_Read                      
00000ca5  Reflectance_Init               
00000cb5  Port5_Init                     
00000cdf  Port9_Init                     
00000d09  Port7_Init                     
00000d1d  Port7_Output_ChargeCap         
00000d2b  Port7_InitToInput              
00000d33  Reflectance_Read               
00000d81  Reflectance_Center             
00000dab  Reflectance_Position           
00000e21  Reflectance_Start              
00000e47  Reflectance_End                
00000ea9  Clock_Init48MHz                
00000fbf  Clock_GetFreq                  
00000fc5  delay                          
00000fd3  Clock_Delay1us                 
00000ffd  Clock_Delay1ms                 
00001089  LaunchPad_Init                 
000010f9  LaunchPad_Input                
00001113  LaunchPad_LED                  
00001131  LaunchPad_Output               
0000117d  SysTick_Handler                
0000117d  SysTick_Handler                
000011bb  main                           
0000124d  __aeabi_memcpy                 
0000124d  __aeabi_memcpy4                
0000124d  __aeabi_memcpy8                
0000124d  memcpy                         
000012e9  __aeabi_memclr                 
000012e9  __aeabi_memclr4                
000012e9  __aeabi_memclr8                
000012eb  __aeabi_memset                 
000012eb  __aeabi_memset4                
000012eb  __aeabi_memset8                
000012f1  memset                         
00001363  __mpu_init                     
00001365  __TI_auto_init                 
000013d5  __TI_decompress_lzss           
0000143d  _c_int00                       
00001491  C$$EXIT                        
00001495  abort                          
0000149d  exit                           
000014e5  copy_in                        
00001531  SysTick_Init                   
00001571  DisableInterrupts              
00001577  EnableInterrupts               
0000157d  StartCritical                  
00001587  EndCritical                    
0000158f  WaitForInterrupt               
00001595  _args_main                     
000015ad  _register_unlock               
000015b3  _register_lock                 
000015bb  _nop                           
000015c1  __TI_decompress_none           
000015cf  Reset_Handler                  
000015db  ADC14_IRQHandler               
000015db  AES256_IRQHandler              
000015db  BusFault_Handler               
000015db  COMP_E0_IRQHandler             
000015db  COMP_E1_IRQHandler             
000015db  CS_IRQHandler                  
000015db  DMA_ERR_IRQHandler             
000015db  DMA_INT0_IRQHandler            
000015db  DMA_INT1_IRQHandler            
000015db  DMA_INT2_IRQHandler            
000015db  DMA_INT3_IRQHandler            
000015db  DebugMon_Handler               
000015db  Default_Handler                
000015db  EUSCIA0_IRQHandler             
000015db  EUSCIA1_IRQHandler             
000015db  EUSCIA2_IRQHandler             
000015db  EUSCIA3_IRQHandler             
000015db  EUSCIB0_IRQHandler             
000015db  EUSCIB1_IRQHandler             
000015db  EUSCIB2_IRQHandler             
000015db  EUSCIB3_IRQHandler             
000015db  FLCTL_IRQHandler               
000015db  FPU_IRQHandler                 
000015db  HardFault_Handler              
000015db  MemManage_Handler              
000015db  NMI_Handler                    
000015db  PCM_IRQHandler                 
000015db  PORT1_IRQHandler               
000015db  PORT2_IRQHandler               
000015db  PORT3_IRQHandler               
000015db  PORT5_IRQHandler               
000015db  PORT6_IRQHandler               
000015db  PSS_IRQHandler                 
000015db  PendSV_Handler                 
000015db  RTC_C_IRQHandler               
000015db  SVC_Handler                    
000015db  T32_INT2_IRQHandler            
000015db  T32_INTC_IRQHandler            
000015db  TA0_0_IRQHandler               
000015db  TA0_N_IRQHandler               
000015db  TA1_0_IRQHandler               
000015db  TA1_N_IRQHandler               
000015db  TA2_0_IRQHandler               
000015db  TA2_N_IRQHandler               
000015db  TA3_0_IRQHandler               
000015db  TA3_N_IRQHandler               
000015db  UsageFault_Handler             
000015db  WDT_A_IRQHandler               
000015dd  __TI_zero_init                 
000015e9  _system_pre_init               
000015ed  _system_post_cinit             
00001648  __TI_Handler_Table_Base        
00001654  __TI_Handler_Table_Limit       
00001660  __TI_CINIT_Base                
00001670  __TI_CINIT_Limit               
20000000  ClockFrequency                 
20000004  Prewait                        
20000008  CPMwait                        
2000000c  Postwait                       
20000010  IFlags                         
20000014  Crystalstable                  
20000018  __TI_cleanup_ptr               
2000001c  __TI_dtors_ptr                 
20000020  __TI_enable_exit_profile_output
20000024  TExaS_ScopeErrLostData         
20000028  TExaS_ScopeErrConflict         
2000002c  TExaS_ScopeWrnReconfig         
20000030  _lock                          
20000034  _unlock                        
20000038  index                          
2000003c  dec_value                      
20000040  MainCount                      
20000044  meow                           
20000045  bumpRef                        
20000047  hex_str                        
2000004c  main_func_sp                   
20000050  SystemCoreClock                
20000054  PeriodicTask2                  
20000058  Port4Task                      
2000005c  BumpCollision                  
2000005d  LogicData                      
2000005e  bump_data                      
2000005f  bump_val                       
20000060  bump_val_hex                   
20000061  reflectance_data               
2000fe00  __stack                        
20010000  __STACK_END                    
4000480c  WDTCTL_SYM                     
ffffffff  __TI_pprof_out_hndl            
ffffffff  __TI_prof_data_size            
ffffffff  __TI_prof_data_start           
ffffffff  __binit__                      
ffffffff  __c_args__                     
ffffffff  binit                          
UNDEFED   SHT$$INIT_ARRAY$$Base          
UNDEFED   SHT$$INIT_ARRAY$$Limit         

[206 symbols]
