******************************************************************************
                  TI ARM Linker PC v16.9.6                     
******************************************************************************
>> Linked Mon Oct 27 15:29:51 2025

OUTPUT FILE NAME:   <Lab3_Bump_Reflectance_Systick.out>
ENTRY POINT SYMBOL: "_c_int00"  address: 00001339


MEMORY CONFIGURATION

         name            origin    length      used     unused   attr    fill
----------------------  --------  ---------  --------  --------  ----  --------
  MAIN                  00000000   00040000  0000154a  0003eab6  R  X
  INFO                  00200000   00004000  00000000  00004000  R  X
  SRAM_CODE             01000000   00010000  00000254  0000fdac  RW X
  SRAM_DATA             20000000   00010000  00000254  0000fdac  RW  


SEGMENT ALLOCATION MAP

run origin  load origin   length   init length attrs members
----------  ----------- ---------- ----------- ----- -------
00000000    00000000    00001550   00001550    r-x
  00000000    00000000    000000e4   000000e4    r-- .intvecs
  000000e4    000000e4    00001406   00001406    r-x .text
  000014ec    000014ec    00000020   00000020    r-- .const
  00001510    00001510    00000040   00000040    r-- .cinit
20000000    20000000    00000054   00000000    rw-
  20000000    20000000    00000048   00000000    rw- .data
  20000048    20000048    0000000c   00000000    rw- .bss
2000fe00    2000fe00    00000200   00000000    rw-
  2000fe00    2000fe00    00000200   00000000    rw- .stack


SECTION ALLOCATION MAP

 output                                  attributes/
section   page    origin      length       input sections
--------  ----  ----------  ----------   ----------------
.intvecs   0    00000000    000000e4     
                  00000000    000000e4     startup_msp432p401r_ccs.obj (.intvecs:retain)

.binit     0    00000000    00000000     

.text      0    000000e4    00001406     
                  000000e4    00000630     TExaS.obj (.text)
                  00000714    0000032c     system_msp432p401r.obj (.text)
                  00000a40    00000204     Reflectance.obj (.text)
                  00000c44    000001e0     Clock.obj (.text)
                  00000e24    00000164     Bump.obj (.text)
                  00000f88    000000f4     LaunchPad.obj (.text)
                  0000107c    000000cc     Lab3_Sensorsmain.obj (.text)
                  00001148    0000009c     rtsv7M4_T_le_v4SPD16_eabi.lib : memcpy_t2.obj (.text)
                  000011e4    0000007a                                   : memset_t2.obj (.text)
                  0000125e    00000002                                   : mpu_init.obj (.text)
                  00001260    00000070                                   : autoinit.obj (.text)
                  000012d0    00000068                                   : copy_decompress_lzss.obj (.text:decompress:lzss)
                  00001338    00000054                                   : boot.obj (.text)
                  0000138c    00000054                                   : exit.obj (.text)
                  000013e0    0000004c                                   : cpy_tbl.obj (.text)
                  0000142c    00000040     SysTickInts.obj (.text)
                  0000146c    00000024     CortexM.obj (.text)
                  00001490    00000018     rtsv7M4_T_le_v4SPD16_eabi.lib : args_main.obj (.text)
                  000014a8    00000014                                   : _lock.obj (.text)
                  000014bc    0000000e                                   : copy_decompress_none.obj (.text:decompress:none)
                  000014ca    0000000e     startup_msp432p401r_ccs.obj (.text)
                  000014d8    0000000c     rtsv7M4_T_le_v4SPD16_eabi.lib : copy_zero_init.obj (.text:decompress:ZI)
                  000014e4    00000004                                   : pre_init.obj (.text)
                  000014e8    00000002                                   : startup.obj (.text)

.const     0    000014ec    00000020     
                  000014ec    00000020     Reflectance.obj (.const:$P$T0$1)

.cinit     0    00001510    00000040     
                  00001510    00000017     (.cinit..data.load) [load image, compression = lzss]
                  00001527    00000001     --HOLE-- [fill = 0]
                  00001528    0000000c     (__TI_handler_table)
                  00001534    00000004     --HOLE-- [fill = 0]
                  00001538    00000008     (.cinit..bss.load) [load image, compression = zero_init]
                  00001540    00000010     (__TI_cinit_table)

.init_array 
*          0    00000000    00000000     UNINITIALIZED

.data      0    20000000    00000048     UNINITIALIZED
                  20000000    00000018     Clock.obj (.data)
                  20000018    0000000c     rtsv7M4_T_le_v4SPD16_eabi.lib : exit.obj (.data:$O1$$)
                  20000024    0000000c     TExaS.obj (.data)
                  20000030    00000008     rtsv7M4_T_le_v4SPD16_eabi.lib : _lock.obj (.data:$O1$$)
                  20000038    00000007     Lab3_Sensorsmain.obj (.data)
                  2000003f    00000001     --HOLE--
                  20000040    00000004     rtsv7M4_T_le_v4SPD16_eabi.lib : stkdepth_vars.obj (.data)
                  20000044    00000004     system_msp432p401r.obj (.data)

.bss       0    20000048    0000000c     UNINITIALIZED
                  20000048    00000004     (.common:PeriodicTask2)
                  2000004c    00000004     (.common:Port4Task)
                  20000050    00000001     (.common:BumpCollision)
                  20000051    00000001     (.common:LogicData)
                  20000052    00000001     (.common:bump_data)
                  20000053    00000001     (.common:reflectance_data)

.stack     0    2000fe00    00000200     UNINITIALIZED
                  2000fe00    00000200     --HOLE--

MODULE SUMMARY

       Module                        code   ro data   rw data
       ------                        ----   -------   -------
    .\
       TExaS.obj                     1584   0         34     
       system_msp432p401r.obj        812    0         8      
       Reflectance.obj               516    32        0      
       Clock.obj                     480    0         48     
       Bump.obj                      356    0         10     
       LaunchPad.obj                 244    0         0      
       startup_msp432p401r_ccs.obj   14     228       0      
       Lab3_Sensorsmain.obj          204    0         18     
       SysTickInts.obj               64     0         0      
       CortexM.obj                   36     0         0      
    +--+-----------------------------+------+---------+---------+
       Total:                        4310   260       118    
                                                             
    C:\ti\ccsv7\tools\compiler\ti-cgt-arm_16.9.6.LTS\lib\rtsv7M4_T_le_v4SPD16_eabi.lib
       memcpy_t2.obj                 156    0         0      
       memset_t2.obj                 122    0         0      
       autoinit.obj                  112    0         0      
       exit.obj                      84     0         24     
       copy_decompress_lzss.obj      104    0         0      
       boot.obj                      84     0         0      
       cpy_tbl.obj                   76     0         0      
       _lock.obj                     20     0         16     
       args_main.obj                 24     0         0      
       copy_decompress_none.obj      14     0         0      
       copy_zero_init.obj            12     0         0      
       stkdepth_vars.obj             0      0         8      
       pre_init.obj                  4      0         0      
       mpu_init.obj                  2      0         0      
       startup.obj                   2      0         0      
    +--+-----------------------------+------+---------+---------+
       Total:                        816    0         48     
                                                             
       Stack:                        0      0         1024   
       Linker Generated:             0      59        0      
    +--+-----------------------------+------+---------+---------+
       Grand Total:                  5126   319       1190   


LINKER GENERATED COPY TABLES

__TI_cinit_table @ 00001540 records: 2, size/record: 8, table size: 16
	.data: load addr=00001510, load size=00000017 bytes, run addr=20000000, run size=00000048 bytes, compression=lzss
	.bss: load addr=00001538, load size=00000008 bytes, run addr=20000048, run size=0000000c bytes, compression=zero_init


LINKER GENERATED HANDLER TABLE

__TI_handler_table @ 00001528 records: 3, size/record: 4, table size: 12
	index: 0, handler: __TI_decompress_lzss
	index: 1, handler: __TI_decompress_none
	index: 2, handler: __TI_zero_init


GLOBAL SYMBOLS: SORTED ALPHABETICALLY BY Name 

address   name                           
-------   ----                           
000014d7  ADC14_IRQHandler               
00000475  ADC_Init                       
000014d7  AES256_IRQHandler              
20000050  BumpCollision                  
00000e3b  Bump_Init                      
00000eb1  Bump_Read                      
000014d7  BusFault_Handler               
0000138d  C$$EXIT                        
000014d7  COMP_E0_IRQHandler             
000014d7  COMP_E1_IRQHandler             
20000008  CPMwait                        
000014d7  CS_IRQHandler                  
20000000  ClockFrequency                 
00000d99  Clock_Delay1ms                 
00000d6f  Clock_Delay1us                 
00000d5b  Clock_GetFreq                  
00000c45  Clock_Init48MHz                
20000014  Crystalstable                  
000014d7  DMA_ERR_IRQHandler             
000014d7  DMA_INT0_IRQHandler            
000014d7  DMA_INT1_IRQHandler            
000014d7  DMA_INT2_IRQHandler            
000014d7  DMA_INT3_IRQHandler            
000014d7  DebugMon_Handler               
000014d7  Default_Handler                
0000146d  DisableInterrupts              
000014d7  EUSCIA0_IRQHandler             
000014d7  EUSCIA1_IRQHandler             
000014d7  EUSCIA2_IRQHandler             
000014d7  EUSCIA3_IRQHandler             
000014d7  EUSCIB0_IRQHandler             
000014d7  EUSCIB1_IRQHandler             
000014d7  EUSCIB2_IRQHandler             
000014d7  EUSCIB3_IRQHandler             
00001473  EnableInterrupts               
00001483  EndCritical                    
000014d7  FLCTL_IRQHandler               
000014d7  FPU_IRQHandler                 
000014d7  HardFault_Handler              
20000010  IFlags                         
00000f89  LaunchPad_Init                 
00000ff9  LaunchPad_Input                
00001013  LaunchPad_LED                  
00001031  LaunchPad_Output               
000000e5  LogicAnalyzer                  
000000ef  LogicAnalyzer_P1               
000001c5  LogicAnalyzer_P10              
000000fd  LogicAnalyzer_P2               
0000010b  LogicAnalyzer_P2_7654          
0000011b  LogicAnalyzer_P3               
00000129  LogicAnalyzer_P4               
00000147  LogicAnalyzer_P4_765320        
00000137  LogicAnalyzer_P4_765432        
0000017f  LogicAnalyzer_P5               
0000018d  LogicAnalyzer_P6               
0000019b  LogicAnalyzer_P7               
000001a9  LogicAnalyzer_P8               
000001b7  LogicAnalyzer_P9               
20000051  LogicData                      
20000038  MainCount                      
000014d7  MemManage_Handler              
000014d7  NMI_Handler                    
000014d7  PCM_IRQHandler                 
000014d7  PORT1_IRQHandler               
000014d7  PORT2_IRQHandler               
000014d7  PORT3_IRQHandler               
00000e25  PORT4_IRQHandler               
00000e25  PORT4_IRQHandler               
000014d7  PORT5_IRQHandler               
000014d7  PORT6_IRQHandler               
000014d7  PSS_IRQHandler                 
000014d7  PendSV_Handler                 
20000048  PeriodicTask2                  
00000257  PeriodicTask2_Init             
000002d1  PeriodicTask2_Stop             
2000004c  Port4Task                      
00000a51  Port5_Init                     
00000aa5  Port7_Init                     
00000ac7  Port7_InitToInput              
00000ab9  Port7_Output_ChargeCap         
00000a7b  Port9_Init                     
2000000c  Postwait                       
20000004  Prewait                        
000014d7  RTC_C_IRQHandler               
00000b1d  Reflectance_Center             
00000be3  Reflectance_End                
00000a41  Reflectance_Init               
00000b47  Reflectance_Position           
00000acf  Reflectance_Read               
00000bbd  Reflectance_Start              
000014cb  Reset_Handler                  
UNDEFED   SHT$$INIT_ARRAY$$Base          
UNDEFED   SHT$$INIT_ARRAY$$Limit         
000014d7  SVC_Handler                    
000001d3  Scope                          
00001479  StartCritical                  
0000107d  SysTick_Handler                
0000107d  SysTick_Handler                
0000142d  SysTick_Init                   
20000044  SystemCoreClock                
00000715  SystemCoreClockUpdate          
00000989  SystemInit                     
000002c1  T32_INT1_IRQHandler            
000002c1  T32_INT1_IRQHandler            
000014d7  T32_INT2_IRQHandler            
000014d7  T32_INTC_IRQHandler            
000014d7  TA0_0_IRQHandler               
000014d7  TA0_N_IRQHandler               
000014d7  TA1_0_IRQHandler               
000014d7  TA1_N_IRQHandler               
000014d7  TA2_0_IRQHandler               
000014d7  TA2_N_IRQHandler               
000014d7  TA3_0_IRQHandler               
000014d7  TA3_N_IRQHandler               
00000413  TExaS_Clear0                   
0000041f  TExaS_Clear1                   
0000042b  TExaS_Clear2                   
00000437  TExaS_Clear3                   
00000443  TExaS_Clear4                   
00000445  TExaS_Clear5                   
00000451  TExaS_Clear6                   
00000551  TExaS_Init                     
20000028  TExaS_ScopeErrConflict         
20000024  TExaS_ScopeErrLostData         
2000002c  TExaS_ScopeWrnReconfig         
000003b1  TExaS_Set                      
000003c9  TExaS_Set0                     
000003d5  TExaS_Set1                     
000003e1  TExaS_Set2                     
000003ed  TExaS_Set3                     
000003f9  TExaS_Set4                     
000003fb  TExaS_Set5                     
00000407  TExaS_Set6                     
000006b1  TExaS_Stop                     
00000367  TExaS_Task0                    
00000373  TExaS_Task1                    
0000037f  TExaS_Task2                    
0000038b  TExaS_Task3                    
00000397  TExaS_Task4                    
00000399  TExaS_Task5                    
000003a5  TExaS_Task6                    
0000033b  UART_InChar                    
000002e1  UART_Init                      
0000034b  UART_OutChar                   
000014d7  UsageFault_Handler             
4000480c  WDTCTL_SYM                     
000014d7  WDT_A_IRQHandler               
0000148b  WaitForInterrupt               
20010000  __STACK_END                    
00000200  __STACK_SIZE                   
00001540  __TI_CINIT_Base                
00001550  __TI_CINIT_Limit               
00001528  __TI_Handler_Table_Base        
00001534  __TI_Handler_Table_Limit       
00001261  __TI_auto_init                 
20000018  __TI_cleanup_ptr               
000012d1  __TI_decompress_lzss           
000014bd  __TI_decompress_none           
2000001c  __TI_dtors_ptr                 
20000020  __TI_enable_exit_profile_output
ffffffff  __TI_pprof_out_hndl            
ffffffff  __TI_prof_data_size            
ffffffff  __TI_prof_data_start           
00000000  __TI_static_base__             
000014d9  __TI_zero_init                 
000011e5  __aeabi_memclr                 
000011e5  __aeabi_memclr4                
000011e5  __aeabi_memclr8                
00001149  __aeabi_memcpy                 
00001149  __aeabi_memcpy4                
00001149  __aeabi_memcpy8                
000011e7  __aeabi_memset                 
000011e7  __aeabi_memset4                
000011e7  __aeabi_memset8                
ffffffff  __binit__                      
ffffffff  __c_args__                     
0000125f  __mpu_init                     
2000fe00  __stack                        
00001491  _args_main                     
00001339  _c_int00                       
20000030  _lock                          
000014b7  _nop                           
000014af  _register_lock                 
000014a9  _register_unlock               
000014e9  _system_post_cinit             
000014e5  _system_pre_init               
20000034  _unlock                        
00001391  abort                          
ffffffff  binit                          
2000003d  bumpRef                        
20000052  bump_data                      
000013e1  copy_in                        
00000d61  delay                          
00001399  exit                           
00000000  interruptVectors               
000010bb  main                           
20000040  main_func_sp                   
00001149  memcpy                         
000011ed  memset                         
2000003c  meow                           
20000053  reflectance_data               


GLOBAL SYMBOLS: SORTED BY Symbol Address 

address   name                           
-------   ----                           
00000000  __TI_static_base__             
00000000  interruptVectors               
000000e5  LogicAnalyzer                  
000000ef  LogicAnalyzer_P1               
000000fd  LogicAnalyzer_P2               
0000010b  LogicAnalyzer_P2_7654          
0000011b  LogicAnalyzer_P3               
00000129  LogicAnalyzer_P4               
00000137  LogicAnalyzer_P4_765432        
00000147  LogicAnalyzer_P4_765320        
0000017f  LogicAnalyzer_P5               
0000018d  LogicAnalyzer_P6               
0000019b  LogicAnalyzer_P7               
000001a9  LogicAnalyzer_P8               
000001b7  LogicAnalyzer_P9               
000001c5  LogicAnalyzer_P10              
000001d3  Scope                          
00000200  __STACK_SIZE                   
00000257  PeriodicTask2_Init             
000002c1  T32_INT1_IRQHandler            
000002c1  T32_INT1_IRQHandler            
000002d1  PeriodicTask2_Stop             
000002e1  UART_Init                      
0000033b  UART_InChar                    
0000034b  UART_OutChar                   
00000367  TExaS_Task0                    
00000373  TExaS_Task1                    
0000037f  TExaS_Task2                    
0000038b  TExaS_Task3                    
00000397  TExaS_Task4                    
00000399  TExaS_Task5                    
000003a5  TExaS_Task6                    
000003b1  TExaS_Set                      
000003c9  TExaS_Set0                     
000003d5  TExaS_Set1                     
000003e1  TExaS_Set2                     
000003ed  TExaS_Set3                     
000003f9  TExaS_Set4                     
000003fb  TExaS_Set5                     
00000407  TExaS_Set6                     
00000413  TExaS_Clear0                   
0000041f  TExaS_Clear1                   
0000042b  TExaS_Clear2                   
00000437  TExaS_Clear3                   
00000443  TExaS_Clear4                   
00000445  TExaS_Clear5                   
00000451  TExaS_Clear6                   
00000475  ADC_Init                       
00000551  TExaS_Init                     
000006b1  TExaS_Stop                     
00000715  SystemCoreClockUpdate          
00000989  SystemInit                     
00000a41  Reflectance_Init               
00000a51  Port5_Init                     
00000a7b  Port9_Init                     
00000aa5  Port7_Init                     
00000ab9  Port7_Output_ChargeCap         
00000ac7  Port7_InitToInput              
00000acf  Reflectance_Read               
00000b1d  Reflectance_Center             
00000b47  Reflectance_Position           
00000bbd  Reflectance_Start              
00000be3  Reflectance_End                
00000c45  Clock_Init48MHz                
00000d5b  Clock_GetFreq                  
00000d61  delay                          
00000d6f  Clock_Delay1us                 
00000d99  Clock_Delay1ms                 
00000e25  PORT4_IRQHandler               
00000e25  PORT4_IRQHandler               
00000e3b  Bump_Init                      
00000eb1  Bump_Read                      
00000f89  LaunchPad_Init                 
00000ff9  LaunchPad_Input                
00001013  LaunchPad_LED                  
00001031  LaunchPad_Output               
0000107d  SysTick_Handler                
0000107d  SysTick_Handler                
000010bb  main                           
00001149  __aeabi_memcpy                 
00001149  __aeabi_memcpy4                
00001149  __aeabi_memcpy8                
00001149  memcpy                         
000011e5  __aeabi_memclr                 
000011e5  __aeabi_memclr4                
000011e5  __aeabi_memclr8                
000011e7  __aeabi_memset                 
000011e7  __aeabi_memset4                
000011e7  __aeabi_memset8                
000011ed  memset                         
0000125f  __mpu_init                     
00001261  __TI_auto_init                 
000012d1  __TI_decompress_lzss           
00001339  _c_int00                       
0000138d  C$$EXIT                        
00001391  abort                          
00001399  exit                           
000013e1  copy_in                        
0000142d  SysTick_Init                   
0000146d  DisableInterrupts              
00001473  EnableInterrupts               
00001479  StartCritical                  
00001483  EndCritical                    
0000148b  WaitForInterrupt               
00001491  _args_main                     
000014a9  _register_unlock               
000014af  _register_lock                 
000014b7  _nop                           
000014bd  __TI_decompress_none           
000014cb  Reset_Handler                  
000014d7  ADC14_IRQHandler               
000014d7  AES256_IRQHandler              
000014d7  BusFault_Handler               
000014d7  COMP_E0_IRQHandler             
000014d7  COMP_E1_IRQHandler             
000014d7  CS_IRQHandler                  
000014d7  DMA_ERR_IRQHandler             
000014d7  DMA_INT0_IRQHandler            
000014d7  DMA_INT1_IRQHandler            
000014d7  DMA_INT2_IRQHandler            
000014d7  DMA_INT3_IRQHandler            
000014d7  DebugMon_Handler               
000014d7  Default_Handler                
000014d7  EUSCIA0_IRQHandler             
000014d7  EUSCIA1_IRQHandler             
000014d7  EUSCIA2_IRQHandler             
000014d7  EUSCIA3_IRQHandler             
000014d7  EUSCIB0_IRQHandler             
000014d7  EUSCIB1_IRQHandler             
000014d7  EUSCIB2_IRQHandler             
000014d7  EUSCIB3_IRQHandler             
000014d7  FLCTL_IRQHandler               
000014d7  FPU_IRQHandler                 
000014d7  HardFault_Handler              
000014d7  MemManage_Handler              
000014d7  NMI_Handler                    
000014d7  PCM_IRQHandler                 
000014d7  PORT1_IRQHandler               
000014d7  PORT2_IRQHandler               
000014d7  PORT3_IRQHandler               
000014d7  PORT5_IRQHandler               
000014d7  PORT6_IRQHandler               
000014d7  PSS_IRQHandler                 
000014d7  PendSV_Handler                 
000014d7  RTC_C_IRQHandler               
000014d7  SVC_Handler                    
000014d7  T32_INT2_IRQHandler            
000014d7  T32_INTC_IRQHandler            
000014d7  TA0_0_IRQHandler               
000014d7  TA0_N_IRQHandler               
000014d7  TA1_0_IRQHandler               
000014d7  TA1_N_IRQHandler               
000014d7  TA2_0_IRQHandler               
000014d7  TA2_N_IRQHandler               
000014d7  TA3_0_IRQHandler               
000014d7  TA3_N_IRQHandler               
000014d7  UsageFault_Handler             
000014d7  WDT_A_IRQHandler               
000014d9  __TI_zero_init                 
000014e5  _system_pre_init               
000014e9  _system_post_cinit             
00001528  __TI_Handler_Table_Base        
00001534  __TI_Handler_Table_Limit       
00001540  __TI_CINIT_Base                
00001550  __TI_CINIT_Limit               
20000000  ClockFrequency                 
20000004  Prewait                        
20000008  CPMwait                        
2000000c  Postwait                       
20000010  IFlags                         
20000014  Crystalstable                  
20000018  __TI_cleanup_ptr               
2000001c  __TI_dtors_ptr                 
20000020  __TI_enable_exit_profile_output
20000024  TExaS_ScopeErrLostData         
20000028  TExaS_ScopeErrConflict         
2000002c  TExaS_ScopeWrnReconfig         
20000030  _lock                          
20000034  _unlock                        
20000038  MainCount                      
2000003c  meow                           
2000003d  bumpRef                        
20000040  main_func_sp                   
20000044  SystemCoreClock                
20000048  PeriodicTask2                  
2000004c  Port4Task                      
20000050  BumpCollision                  
20000051  LogicData                      
20000052  bump_data                      
20000053  reflectance_data               
2000fe00  __stack                        
20010000  __STACK_END                    
4000480c  WDTCTL_SYM                     
ffffffff  __TI_pprof_out_hndl            
ffffffff  __TI_prof_data_size            
ffffffff  __TI_prof_data_start           
ffffffff  __binit__                      
ffffffff  __c_args__                     
ffffffff  binit                          
UNDEFED   SHT$$INIT_ARRAY$$Base          
UNDEFED   SHT$$INIT_ARRAY$$Limit         

[201 symbols]
