******************************************************************************
                  TI ARM Linker PC v16.9.6                     
******************************************************************************
>> Linked Wed Aug 27 15:04:24 2025

OUTPUT FILE NAME:   <Lab1_C_Programming.out>
ENTRY POINT SYMBOL: "_c_int00"  address: 000008e5


MEMORY CONFIGURATION

         name            origin    length      used     unused   attr    fill
----------------------  --------  ---------  --------  --------  ----  --------
  MAIN                  00000000   00040000  00000a68  0003f598  R  X
  INFO                  00200000   00004000  00000000  00004000  R  X
  SRAM_CODE             01000000   00010000  00000234  0000fdcc  RW X
  SRAM_DATA             20000000   00010000  00000234  0000fdcc  RW  


SEGMENT ALLOCATION MAP

run origin  load origin   length   init length attrs members
----------  ----------- ---------- ----------- ----- -------
00000000    00000000    00000a68   00000a68    r-x
  00000000    00000000    000000e4   000000e4    r-- .intvecs
  000000e4    000000e4    00000944   00000944    r-x .text
  00000a28    00000a28    00000018   00000018    r-- .const
  00000a40    00000a40    00000028   00000028    r-- .cinit
20000000    20000000    00000034   00000000    rw-
  20000000    20000000    00000034   00000000    rw- .data
2000fe00    2000fe00    00000200   00000000    rw-
  2000fe00    2000fe00    00000200   00000000    rw- .stack


SECTION ALLOCATION MAP

 output                                  attributes/
section   page    origin      length       input sections
--------  ----  ----------  ----------   ----------------
.intvecs   0    00000000    000000e4     
                  00000000    000000e4     startup_msp432p401r_ccs.obj (.intvecs:retain)

.binit     0    00000000    00000000     

.text      0    000000e4    00000944     
                  000000e4    0000032c     system_msp432p401r.obj (.text)
                  00000410    000001e0     Clock.obj (.text)
                  000005f0    00000180     main.obj (.text)
                  00000770    0000009c     rtsv7M4_T_le_v4SPD16_eabi.lib : memcpy_t2.obj (.text)
                  0000080c    00000070                                   : autoinit.obj (.text)
                  0000087c    00000068                                   : copy_decompress_lzss.obj (.text:decompress:lzss)
                  000008e4    00000054                                   : boot.obj (.text)
                  00000938    00000054                                   : exit.obj (.text)
                  0000098c    0000004c                                   : cpy_tbl.obj (.text)
                  000009d8    00000018                                   : args_main.obj (.text)
                  000009f0    00000014                                   : _lock.obj (.text)
                  00000a04    0000000e                                   : copy_decompress_none.obj (.text:decompress:none)
                  00000a12    0000000e     startup_msp432p401r_ccs.obj (.text)
                  00000a20    00000004     rtsv7M4_T_le_v4SPD16_eabi.lib : pre_init.obj (.text)
                  00000a24    00000002                                   : mpu_init.obj (.text)
                  00000a26    00000002                                   : startup.obj (.text)

.const     0    00000a28    00000018     
                  00000a28    00000018     main.obj (.const:$P$T0$1)

.cinit     0    00000a40    00000028     
                  00000a40    00000017     (.cinit..data.load) [load image, compression = lzss]
                  00000a57    00000001     --HOLE-- [fill = 0]
                  00000a58    00000008     (__TI_handler_table)
                  00000a60    00000008     (__TI_cinit_table)

.init_array 
*          0    00000000    00000000     UNINITIALIZED

.data      0    20000000    00000034     UNINITIALIZED
                  20000000    00000018     Clock.obj (.data)
                  20000018    0000000c     rtsv7M4_T_le_v4SPD16_eabi.lib : exit.obj (.data:$O1$$)
                  20000024    00000008                                   : _lock.obj (.data:$O1$$)
                  2000002c    00000004                                   : stkdepth_vars.obj (.data)
                  20000030    00000004     system_msp432p401r.obj (.data)

.stack     0    2000fe00    00000200     UNINITIALIZED
                  2000fe00    00000200     --HOLE--

MODULE SUMMARY

       Module                        code   ro data   rw data
       ------                        ----   -------   -------
    .\
       system_msp432p401r.obj        812    0         8      
       Clock.obj                     480    0         48     
       main.obj                      384    24        0      
       startup_msp432p401r_ccs.obj   14     228       0      
    +--+-----------------------------+------+---------+---------+
       Total:                        1690   252       56     
                                                             
    C:\ti\ccsv7\tools\compiler\ti-cgt-arm_16.9.6.LTS\lib\rtsv7M4_T_le_v4SPD16_eabi.lib
       memcpy_t2.obj                 156    0         0      
       autoinit.obj                  112    0         0      
       exit.obj                      84     0         24     
       copy_decompress_lzss.obj      104    0         0      
       boot.obj                      84     0         0      
       cpy_tbl.obj                   76     0         0      
       _lock.obj                     20     0         16     
       args_main.obj                 24     0         0      
       copy_decompress_none.obj      14     0         0      
       stkdepth_vars.obj             0      0         8      
       pre_init.obj                  4      0         0      
       mpu_init.obj                  2      0         0      
       startup.obj                   2      0         0      
    +--+-----------------------------+------+---------+---------+
       Total:                        682    0         48     
                                                             
       Stack:                        0      0         1024   
       Linker Generated:             0      39        0      
    +--+-----------------------------+------+---------+---------+
       Grand Total:                  2372   291       1128   


LINKER GENERATED COPY TABLES

__TI_cinit_table @ 00000a60 records: 1, size/record: 8, table size: 8
	.data: load addr=00000a40, load size=00000017 bytes, run addr=20000000, run size=00000034 bytes, compression=lzss


LINKER GENERATED HANDLER TABLE

__TI_handler_table @ 00000a58 records: 2, size/record: 4, table size: 8
	index: 0, handler: __TI_decompress_lzss
	index: 1, handler: __TI_decompress_none


GLOBAL SYMBOLS: SORTED ALPHABETICALLY BY Name 

address   name                           
-------   ----                           
00000a1f  ADC14_IRQHandler               
00000a1f  AES256_IRQHandler              
000006a9  Bit_Manipulation               
000006ef  Bit_ShiftExtract               
00000a1f  BusFault_Handler               
00000939  C$$EXIT                        
00000a1f  COMP_E0_IRQHandler             
00000a1f  COMP_E1_IRQHandler             
20000008  CPMwait                        
00000a1f  CS_IRQHandler                  
20000000  ClockFrequency                 
00000565  Clock_Delay1ms                 
0000053b  Clock_Delay1us                 
00000527  Clock_GetFreq                  
00000411  Clock_Init48MHz                
20000014  Crystalstable                  
00000a1f  DMA_ERR_IRQHandler             
00000a1f  DMA_INT0_IRQHandler            
00000a1f  DMA_INT1_IRQHandler            
00000a1f  DMA_INT2_IRQHandler            
00000a1f  DMA_INT3_IRQHandler            
00000a1f  DebugMon_Handler               
00000a1f  Default_Handler                
00000a1f  EUSCIA0_IRQHandler             
00000a1f  EUSCIA1_IRQHandler             
00000a1f  EUSCIA2_IRQHandler             
00000a1f  EUSCIA3_IRQHandler             
00000a1f  EUSCIB0_IRQHandler             
00000a1f  EUSCIB1_IRQHandler             
00000a1f  EUSCIB2_IRQHandler             
00000a1f  EUSCIB3_IRQHandler             
00000a1f  FLCTL_IRQHandler               
00000a1f  FPU_IRQHandler                 
00000a1f  HardFault_Handler              
20000010  IFlags                         
00000a1f  MemManage_Handler              
00000a1f  NMI_Handler                    
00000a1f  PCM_IRQHandler                 
00000a1f  PORT1_IRQHandler               
00000a1f  PORT2_IRQHandler               
00000a1f  PORT3_IRQHandler               
00000a1f  PORT4_IRQHandler               
00000a1f  PORT5_IRQHandler               
00000a1f  PORT6_IRQHandler               
00000a1f  PSS_IRQHandler                 
00000a1f  PendSV_Handler                 
000005f1  Port1_Init                     
00000611  Port1_Input                    
00000639  Port1_Output                   
0000061d  Port2_Init                     
00000647  Port2_Output                   
2000000c  Postwait                       
20000004  Prewait                        
00000a1f  RTC_C_IRQHandler               
00000a13  Reset_Handler                  
UNDEFED   SHT$$INIT_ARRAY$$Base          
UNDEFED   SHT$$INIT_ARRAY$$Limit         
00000a1f  SVC_Handler                    
00000a1f  SysTick_Handler                
20000030  SystemCoreClock                
000000e5  SystemCoreClockUpdate          
00000359  SystemInit                     
00000a1f  T32_INT1_IRQHandler            
00000a1f  T32_INT2_IRQHandler            
00000a1f  T32_INTC_IRQHandler            
00000a1f  TA0_0_IRQHandler               
00000a1f  TA0_N_IRQHandler               
00000a1f  TA1_0_IRQHandler               
00000a1f  TA1_N_IRQHandler               
00000a1f  TA2_0_IRQHandler               
00000a1f  TA2_N_IRQHandler               
00000a1f  TA3_0_IRQHandler               
00000a1f  TA3_N_IRQHandler               
00000a1f  UsageFault_Handler             
00000735  Volatile_KeyWord               
4000480c  WDTCTL_SYM                     
00000a1f  WDT_A_IRQHandler               
20010000  __STACK_END                    
00000200  __STACK_SIZE                   
00000a60  __TI_CINIT_Base                
00000a68  __TI_CINIT_Limit               
00000a58  __TI_Handler_Table_Base        
00000a60  __TI_Handler_Table_Limit       
0000080d  __TI_auto_init                 
20000018  __TI_cleanup_ptr               
0000087d  __TI_decompress_lzss           
00000a05  __TI_decompress_none           
2000001c  __TI_dtors_ptr                 
20000020  __TI_enable_exit_profile_output
ffffffff  __TI_pprof_out_hndl            
ffffffff  __TI_prof_data_size            
ffffffff  __TI_prof_data_start           
00000000  __TI_static_base__             
00000771  __aeabi_memcpy                 
00000771  __aeabi_memcpy4                
00000771  __aeabi_memcpy8                
ffffffff  __binit__                      
ffffffff  __c_args__                     
00000a25  __mpu_init                     
2000fe00  __stack                        
000009d9  _args_main                     
000008e5  _c_int00                       
20000024  _lock                          
000009ff  _nop                           
000009f7  _register_lock                 
000009f1  _register_unlock               
00000a27  _system_post_cinit             
00000a21  _system_pre_init               
20000028  _unlock                        
0000093d  abort                          
ffffffff  binit                          
0000098d  copy_in                        
0000052d  delay                          
00000945  exit                           
00000000  interruptVectors               
0000064f  main                           
2000002c  main_func_sp                   
00000771  memcpy                         


GLOBAL SYMBOLS: SORTED BY Symbol Address 

address   name                           
-------   ----                           
00000000  __TI_static_base__             
00000000  interruptVectors               
000000e5  SystemCoreClockUpdate          
00000200  __STACK_SIZE                   
00000359  SystemInit                     
00000411  Clock_Init48MHz                
00000527  Clock_GetFreq                  
0000052d  delay                          
0000053b  Clock_Delay1us                 
00000565  Clock_Delay1ms                 
000005f1  Port1_Init                     
00000611  Port1_Input                    
0000061d  Port2_Init                     
00000639  Port1_Output                   
00000647  Port2_Output                   
0000064f  main                           
000006a9  Bit_Manipulation               
000006ef  Bit_ShiftExtract               
00000735  Volatile_KeyWord               
00000771  __aeabi_memcpy                 
00000771  __aeabi_memcpy4                
00000771  __aeabi_memcpy8                
00000771  memcpy                         
0000080d  __TI_auto_init                 
0000087d  __TI_decompress_lzss           
000008e5  _c_int00                       
00000939  C$$EXIT                        
0000093d  abort                          
00000945  exit                           
0000098d  copy_in                        
000009d9  _args_main                     
000009f1  _register_unlock               
000009f7  _register_lock                 
000009ff  _nop                           
00000a05  __TI_decompress_none           
00000a13  Reset_Handler                  
00000a1f  ADC14_IRQHandler               
00000a1f  AES256_IRQHandler              
00000a1f  BusFault_Handler               
00000a1f  COMP_E0_IRQHandler             
00000a1f  COMP_E1_IRQHandler             
00000a1f  CS_IRQHandler                  
00000a1f  DMA_ERR_IRQHandler             
00000a1f  DMA_INT0_IRQHandler            
00000a1f  DMA_INT1_IRQHandler            
00000a1f  DMA_INT2_IRQHandler            
00000a1f  DMA_INT3_IRQHandler            
00000a1f  DebugMon_Handler               
00000a1f  Default_Handler                
00000a1f  EUSCIA0_IRQHandler             
00000a1f  EUSCIA1_IRQHandler             
00000a1f  EUSCIA2_IRQHandler             
00000a1f  EUSCIA3_IRQHandler             
00000a1f  EUSCIB0_IRQHandler             
00000a1f  EUSCIB1_IRQHandler             
00000a1f  EUSCIB2_IRQHandler             
00000a1f  EUSCIB3_IRQHandler             
00000a1f  FLCTL_IRQHandler               
00000a1f  FPU_IRQHandler                 
00000a1f  HardFault_Handler              
00000a1f  MemManage_Handler              
00000a1f  NMI_Handler                    
00000a1f  PCM_IRQHandler                 
00000a1f  PORT1_IRQHandler               
00000a1f  PORT2_IRQHandler               
00000a1f  PORT3_IRQHandler               
00000a1f  PORT4_IRQHandler               
00000a1f  PORT5_IRQHandler               
00000a1f  PORT6_IRQHandler               
00000a1f  PSS_IRQHandler                 
00000a1f  PendSV_Handler                 
00000a1f  RTC_C_IRQHandler               
00000a1f  SVC_Handler                    
00000a1f  SysTick_Handler                
00000a1f  T32_INT1_IRQHandler            
00000a1f  T32_INT2_IRQHandler            
00000a1f  T32_INTC_IRQHandler            
00000a1f  TA0_0_IRQHandler               
00000a1f  TA0_N_IRQHandler               
00000a1f  TA1_0_IRQHandler               
00000a1f  TA1_N_IRQHandler               
00000a1f  TA2_0_IRQHandler               
00000a1f  TA2_N_IRQHandler               
00000a1f  TA3_0_IRQHandler               
00000a1f  TA3_N_IRQHandler               
00000a1f  UsageFault_Handler             
00000a1f  WDT_A_IRQHandler               
00000a21  _system_pre_init               
00000a25  __mpu_init                     
00000a27  _system_post_cinit             
00000a58  __TI_Handler_Table_Base        
00000a60  __TI_CINIT_Base                
00000a60  __TI_Handler_Table_Limit       
00000a68  __TI_CINIT_Limit               
20000000  ClockFrequency                 
20000004  Prewait                        
20000008  CPMwait                        
2000000c  Postwait                       
20000010  IFlags                         
20000014  Crystalstable                  
20000018  __TI_cleanup_ptr               
2000001c  __TI_dtors_ptr                 
20000020  __TI_enable_exit_profile_output
20000024  _lock                          
20000028  _unlock                        
2000002c  main_func_sp                   
20000030  SystemCoreClock                
2000fe00  __stack                        
20010000  __STACK_END                    
4000480c  WDTCTL_SYM                     
ffffffff  __TI_pprof_out_hndl            
ffffffff  __TI_prof_data_size            
ffffffff  __TI_prof_data_start           
ffffffff  __binit__                      
ffffffff  __c_args__                     
ffffffff  binit                          
UNDEFED   SHT$$INIT_ARRAY$$Base          
UNDEFED   SHT$$INIT_ARRAY$$Limit         

[118 symbols]
